::1 - - [31/Aug/2020:17:11:49 +0000] "GET /user/verifytoken HTTP/1.1" 200 19 "http://localhost:3002/" "Mozilla/5.0 (Windows NT 10.0; Win64; x64) AppleWebKit/537.36 (KHTML, like Gecko) Chrome/84.0.4147.135 Safari/537.36"
::1 - - [31/Aug/2020:17:11:49 +0000] "GET /user/verifytoken HTTP/1.1" 304 - "http://localhost:3002/" "Mozilla/5.0 (Windows NT 10.0; Win64; x64) AppleWebKit/537.36 (KHTML, like Gecko) Chrome/84.0.4147.135 Safari/537.36"
::1 - - [31/Aug/2020:17:11:50 +0000] "OPTIONS /user/verifytoken HTTP/1.1" 200 8 "http://localhost:3002/" "Mozilla/5.0 (Windows NT 10.0; Win64; x64) AppleWebKit/537.36 (KHTML, like Gecko) Chrome/84.0.4147.135 Safari/537.36"
::1 - - [31/Aug/2020:17:11:50 +0000] "GET /user/verifytoken HTTP/1.1" 200 19 "http://localhost:3002/" "Mozilla/5.0 (Windows NT 10.0; Win64; x64) AppleWebKit/537.36 (KHTML, like Gecko) Chrome/84.0.4147.135 Safari/537.36"
::ffff:127.0.0.1 - - [31/Aug/2020:17:12:06 +0000] "OPTIONS /user/verifytoken HTTP/1.1" 200 8 "http://localhost:3002/" "Mozilla/5.0 (Windows NT 10.0; Win64; x64; rv:80.0) Gecko/20100101 Firefox/80.0"
::ffff:127.0.0.1 - - [31/Aug/2020:17:12:07 +0000] "GET /user/verifytoken HTTP/1.1" 401 36 "http://localhost:3002/" "Mozilla/5.0 (Windows NT 10.0; Win64; x64; rv:80.0) Gecko/20100101 Firefox/80.0"
::1 - - [31/Aug/2020:17:12:08 +0000] "OPTIONS /user/verifytoken HTTP/1.1" 200 8 "http://localhost:3002/" "Mozilla/5.0 (Windows NT 10.0; Win64; x64) AppleWebKit/537.36 (KHTML, like Gecko) Chrome/84.0.4147.135 Safari/537.36"
::1 - - [31/Aug/2020:17:12:08 +0000] "GET /user/verifytoken HTTP/1.1" 304 - "http://localhost:3002/" "Mozilla/5.0 (Windows NT 10.0; Win64; x64) AppleWebKit/537.36 (KHTML, like Gecko) Chrome/84.0.4147.135 Safari/537.36"
::1 - - [31/Aug/2020:17:12:08 +0000] "OPTIONS /user/verifytoken HTTP/1.1" 200 8 "http://localhost:3002/" "Mozilla/5.0 (Windows NT 10.0; Win64; x64) AppleWebKit/537.36 (KHTML, like Gecko) Chrome/84.0.4147.135 Safari/537.36"
::1 - - [31/Aug/2020:17:12:08 +0000] "GET /user/verifytoken HTTP/1.1" 200 19 "http://localhost:3002/" "Mozilla/5.0 (Windows NT 10.0; Win64; x64) AppleWebKit/537.36 (KHTML, like Gecko) Chrome/84.0.4147.135 Safari/537.36"
::1 - - [31/Aug/2020:17:12:09 +0000] "OPTIONS /user/verifytoken HTTP/1.1" 200 8 "http://localhost:3002/" "Mozilla/5.0 (Windows NT 10.0; Win64; x64) AppleWebKit/537.36 (KHTML, like Gecko) Chrome/84.0.4147.135 Safari/537.36"
::1 - - [31/Aug/2020:17:12:09 +0000] "GET /user/verifytoken HTTP/1.1" 200 19 "http://localhost:3002/" "Mozilla/5.0 (Windows NT 10.0; Win64; x64) AppleWebKit/537.36 (KHTML, like Gecko) Chrome/84.0.4147.135 Safari/537.36"
::ffff:127.0.0.1 - - [31/Aug/2020:17:12:27 +0000] "OPTIONS /user/verifytoken HTTP/1.1" 200 8 "http://localhost:3002/" "Mozilla/5.0 (Windows NT 10.0; Win64; x64; rv:80.0) Gecko/20100101 Firefox/80.0"
::ffff:127.0.0.1 - - [31/Aug/2020:17:12:28 +0000] "GET /user/verifytoken HTTP/1.1" 401 36 "http://localhost:3002/" "Mozilla/5.0 (Windows NT 10.0; Win64; x64; rv:80.0) Gecko/20100101 Firefox/80.0"
::1 - - [31/Aug/2020:17:12:28 +0000] "OPTIONS /user/verifytoken HTTP/1.1" 200 8 "http://localhost:3002/" "Mozilla/5.0 (Windows NT 10.0; Win64; x64) AppleWebKit/537.36 (KHTML, like Gecko) Chrome/84.0.4147.135 Safari/537.36"
::1 - - [31/Aug/2020:17:12:28 +0000] "GET /user/verifytoken HTTP/1.1" 200 19 "http://localhost:3002/" "Mozilla/5.0 (Windows NT 10.0; Win64; x64) AppleWebKit/537.36 (KHTML, like Gecko) Chrome/84.0.4147.135 Safari/537.36"
::1 - - [31/Aug/2020:17:12:29 +0000] "GET /user/verifytoken HTTP/1.1" 304 - "http://localhost:3002/" "Mozilla/5.0 (Windows NT 10.0; Win64; x64) AppleWebKit/537.36 (KHTML, like Gecko) Chrome/84.0.4147.135 Safari/537.36"
::1 - - [31/Aug/2020:17:12:30 +0000] "OPTIONS /user/verifytoken HTTP/1.1" 200 8 "http://localhost:3002/" "Mozilla/5.0 (Windows NT 10.0; Win64; x64) AppleWebKit/537.36 (KHTML, like Gecko) Chrome/84.0.4147.135 Safari/537.36"
::1 - - [31/Aug/2020:17:12:30 +0000] "GET /user/verifytoken HTTP/1.1" 200 19 "http://localhost:3002/" "Mozilla/5.0 (Windows NT 10.0; Win64; x64) AppleWebKit/537.36 (KHTML, like Gecko) Chrome/84.0.4147.135 Safari/537.36"
::ffff:127.0.0.1 - - [31/Aug/2020:17:21:14 +0000] "OPTIONS /user/verifytoken HTTP/1.1" 200 8 "http://localhost:3002/" "Mozilla/5.0 (Windows NT 10.0; Win64; x64; rv:80.0) Gecko/20100101 Firefox/80.0"
::ffff:127.0.0.1 - - [31/Aug/2020:17:21:14 +0000] "GET /user/verifytoken HTTP/1.1" 401 36 "http://localhost:3002/" "Mozilla/5.0 (Windows NT 10.0; Win64; x64; rv:80.0) Gecko/20100101 Firefox/80.0"
::1 - - [31/Aug/2020:17:21:14 +0000] "OPTIONS /user/verifytoken HTTP/1.1" 200 8 "http://localhost:3002/" "Mozilla/5.0 (Windows NT 10.0; Win64; x64) AppleWebKit/537.36 (KHTML, like Gecko) Chrome/84.0.4147.135 Safari/537.36"
::1 - - [31/Aug/2020:17:21:14 +0000] "GET /user/verifytoken HTTP/1.1" 200 19 "http://localhost:3002/" "Mozilla/5.0 (Windows NT 10.0; Win64; x64) AppleWebKit/537.36 (KHTML, like Gecko) Chrome/84.0.4147.135 Safari/537.36"
::1 - - [31/Aug/2020:17:21:16 +0000] "GET /user/verifytoken HTTP/1.1" 304 - "http://localhost:3002/" "Mozilla/5.0 (Windows NT 10.0; Win64; x64) AppleWebKit/537.36 (KHTML, like Gecko) Chrome/84.0.4147.135 Safari/537.36"
::1 - - [31/Aug/2020:17:21:16 +0000] "OPTIONS /user/verifytoken HTTP/1.1" 200 8 "http://localhost:3002/" "Mozilla/5.0 (Windows NT 10.0; Win64; x64) AppleWebKit/537.36 (KHTML, like Gecko) Chrome/84.0.4147.135 Safari/537.36"
::1 - - [31/Aug/2020:17:21:16 +0000] "GET /user/verifytoken HTTP/1.1" 200 19 "http://localhost:3002/" "Mozilla/5.0 (Windows NT 10.0; Win64; x64) AppleWebKit/537.36 (KHTML, like Gecko) Chrome/84.0.4147.135 Safari/537.36"
::ffff:127.0.0.1 - - [31/Aug/2020:17:22:37 +0000] "OPTIONS /user/verifytoken HTTP/1.1" 200 8 "http://localhost:3002/" "Mozilla/5.0 (Windows NT 10.0; Win64; x64; rv:80.0) Gecko/20100101 Firefox/80.0"
::ffff:127.0.0.1 - - [31/Aug/2020:17:22:38 +0000] "GET /user/verifytoken HTTP/1.1" 401 36 "http://localhost:3002/" "Mozilla/5.0 (Windows NT 10.0; Win64; x64; rv:80.0) Gecko/20100101 Firefox/80.0"
::1 - - [31/Aug/2020:17:22:41 +0000] "OPTIONS /user/verifytoken HTTP/1.1" 200 8 "http://localhost:3002/" "Mozilla/5.0 (Windows NT 10.0; Win64; x64) AppleWebKit/537.36 (KHTML, like Gecko) Chrome/84.0.4147.135 Safari/537.36"
::1 - - [31/Aug/2020:17:22:41 +0000] "GET /user/verifytoken HTTP/1.1" 304 - "http://localhost:3002/" "Mozilla/5.0 (Windows NT 10.0; Win64; x64) AppleWebKit/537.36 (KHTML, like Gecko) Chrome/84.0.4147.135 Safari/537.36"
::1 - - [31/Aug/2020:17:22:41 +0000] "GET /user/verifytoken HTTP/1.1" 304 - "http://localhost:3002/" "Mozilla/5.0 (Windows NT 10.0; Win64; x64) AppleWebKit/537.36 (KHTML, like Gecko) Chrome/84.0.4147.135 Safari/537.36"
::1 - - [31/Aug/2020:17:22:42 +0000] "OPTIONS /user/verifytoken HTTP/1.1" 200 8 "http://localhost:3002/" "Mozilla/5.0 (Windows NT 10.0; Win64; x64) AppleWebKit/537.36 (KHTML, like Gecko) Chrome/84.0.4147.135 Safari/537.36"
::1 - - [31/Aug/2020:17:22:42 +0000] "GET /user/verifytoken HTTP/1.1" 200 19 "http://localhost:3002/" "Mozilla/5.0 (Windows NT 10.0; Win64; x64) AppleWebKit/537.36 (KHTML, like Gecko) Chrome/84.0.4147.135 Safari/537.36"
::ffff:127.0.0.1 - - [31/Aug/2020:17:22:49 +0000] "OPTIONS /user/verifytoken HTTP/1.1" 200 8 "http://localhost:3002/" "Mozilla/5.0 (Windows NT 10.0; Win64; x64; rv:80.0) Gecko/20100101 Firefox/80.0"
::ffff:127.0.0.1 - - [31/Aug/2020:17:22:50 +0000] "GET /user/verifytoken HTTP/1.1" 401 36 "http://localhost:3002/" "Mozilla/5.0 (Windows NT 10.0; Win64; x64; rv:80.0) Gecko/20100101 Firefox/80.0"
::1 - - [31/Aug/2020:17:22:50 +0000] "OPTIONS /user/verifytoken HTTP/1.1" 200 8 "http://localhost:3002/" "Mozilla/5.0 (Windows NT 10.0; Win64; x64) AppleWebKit/537.36 (KHTML, like Gecko) Chrome/84.0.4147.135 Safari/537.36"
::1 - - [31/Aug/2020:17:22:51 +0000] "GET /user/verifytoken HTTP/1.1" 304 - "http://localhost:3002/" "Mozilla/5.0 (Windows NT 10.0; Win64; x64) AppleWebKit/537.36 (KHTML, like Gecko) Chrome/84.0.4147.135 Safari/537.36"
::1 - - [31/Aug/2020:17:22:51 +0000] "GET /user/verifytoken HTTP/1.1" 304 - "http://localhost:3002/" "Mozilla/5.0 (Windows NT 10.0; Win64; x64) AppleWebKit/537.36 (KHTML, like Gecko) Chrome/84.0.4147.135 Safari/537.36"
::1 - - [31/Aug/2020:17:22:51 +0000] "OPTIONS /user/verifytoken HTTP/1.1" 200 8 "http://localhost:3002/" "Mozilla/5.0 (Windows NT 10.0; Win64; x64) AppleWebKit/537.36 (KHTML, like Gecko) Chrome/84.0.4147.135 Safari/537.36"
::1 - - [31/Aug/2020:17:22:52 +0000] "GET /user/verifytoken HTTP/1.1" 200 19 "http://localhost:3002/" "Mozilla/5.0 (Windows NT 10.0; Win64; x64) AppleWebKit/537.36 (KHTML, like Gecko) Chrome/84.0.4147.135 Safari/537.36"
::1 - - [31/Aug/2020:17:23:08 +0000] "OPTIONS /user/login HTTP/1.1" 200 4 "http://localhost:3002/login" "Mozilla/5.0 (Windows NT 10.0; Win64; x64) AppleWebKit/537.36 (KHTML, like Gecko) Chrome/84.0.4147.135 Safari/537.36"
::1 - - [31/Aug/2020:17:23:08 +0000] "POST /user/login HTTP/1.1" 200 235 "http://localhost:3002/login" "Mozilla/5.0 (Windows NT 10.0; Win64; x64) AppleWebKit/537.36 (KHTML, like Gecko) Chrome/84.0.4147.135 Safari/537.36"
::1 - - [31/Aug/2020:17:23:32 +0000] "OPTIONS /user/login HTTP/1.1" 200 4 "http://localhost:3002/login" "Mozilla/5.0 (Windows NT 10.0; Win64; x64) AppleWebKit/537.36 (KHTML, like Gecko) Chrome/84.0.4147.135 Safari/537.36"
::1 - - [31/Aug/2020:17:23:32 +0000] "POST /user/login HTTP/1.1" 406 71 "http://localhost:3002/login" "Mozilla/5.0 (Windows NT 10.0; Win64; x64) AppleWebKit/537.36 (KHTML, like Gecko) Chrome/84.0.4147.135 Safari/537.36"
::1 - - [31/Aug/2020:17:24:03 +0000] "OPTIONS /user/verifytoken HTTP/1.1" 200 8 "http://localhost:3002/login" "Mozilla/5.0 (Windows NT 10.0; Win64; x64) AppleWebKit/537.36 (KHTML, like Gecko) Chrome/84.0.4147.135 Safari/537.36"
::1 - - [31/Aug/2020:17:24:03 +0000] "GET /user/verifytoken HTTP/1.1" 401 36 "http://localhost:3002/login" "Mozilla/5.0 (Windows NT 10.0; Win64; x64) AppleWebKit/537.36 (KHTML, like Gecko) Chrome/84.0.4147.135 Safari/537.36"
::1 - - [31/Aug/2020:17:24:49 +0000] "OPTIONS /user/verifytoken HTTP/1.1" 200 8 "http://localhost:3002/verify/df5931fd02ceb0b60001ce36d5a9d4650f781874523c4b39cd4867778eb1c7c7" "Mozilla/5.0 (Windows NT 10.0; Win64; x64) AppleWebKit/537.36 (KHTML, like Gecko) Chrome/84.0.4147.135 Safari/537.36"
::1 - - [31/Aug/2020:17:24:49 +0000] "GET /user/verifytoken HTTP/1.1" 401 36 "http://localhost:3002/verify/df5931fd02ceb0b60001ce36d5a9d4650f781874523c4b39cd4867778eb1c7c7" "Mozilla/5.0 (Windows NT 10.0; Win64; x64) AppleWebKit/537.36 (KHTML, like Gecko) Chrome/84.0.4147.135 Safari/537.36"
::1 - - [31/Aug/2020:17:25:06 +0000] "OPTIONS /user/verifyemail HTTP/1.1" 200 4 "http://localhost:3002/verify/df5931fd02ceb0b60001ce36d5a9d4650f781874523c4b39cd4867778eb1c7c7" "Mozilla/5.0 (Windows NT 10.0; Win64; x64) AppleWebKit/537.36 (KHTML, like Gecko) Chrome/84.0.4147.135 Safari/537.36"
::1 - - [31/Aug/2020:17:25:06 +0000] "POST /user/verifyemail HTTP/1.1" 410 80 "http://localhost:3002/verify/df5931fd02ceb0b60001ce36d5a9d4650f781874523c4b39cd4867778eb1c7c7" "Mozilla/5.0 (Windows NT 10.0; Win64; x64) AppleWebKit/537.36 (KHTML, like Gecko) Chrome/84.0.4147.135 Safari/537.36"
::1 - - [31/Aug/2020:17:26:35 +0000] "OPTIONS /user/verifytoken HTTP/1.1" 200 8 "http://localhost:3002/request/reset" "Mozilla/5.0 (Windows NT 10.0; Win64; x64) AppleWebKit/537.36 (KHTML, like Gecko) Chrome/84.0.4147.135 Safari/537.36"
::1 - - [31/Aug/2020:17:26:35 +0000] "GET /user/verifytoken HTTP/1.1" 401 36 "http://localhost:3002/request/reset" "Mozilla/5.0 (Windows NT 10.0; Win64; x64) AppleWebKit/537.36 (KHTML, like Gecko) Chrome/84.0.4147.135 Safari/537.36"
::1 - - [31/Aug/2020:17:26:44 +0000] "OPTIONS /user/forgotpassword HTTP/1.1" 200 4 "http://localhost:3002/request/reset" "Mozilla/5.0 (Windows NT 10.0; Win64; x64) AppleWebKit/537.36 (KHTML, like Gecko) Chrome/84.0.4147.135 Safari/537.36"
::1 - - [31/Aug/2020:17:26:46 +0000] "POST /user/forgotpassword HTTP/1.1" 200 66 "http://localhost:3002/request/reset" "Mozilla/5.0 (Windows NT 10.0; Win64; x64) AppleWebKit/537.36 (KHTML, like Gecko) Chrome/84.0.4147.135 Safari/537.36"
::ffff:127.0.0.1 - - [31/Aug/2020:17:29:05 +0000] "OPTIONS /user/verifytoken HTTP/1.1" 200 8 "http://localhost:3002/" "Mozilla/5.0 (Windows NT 10.0; Win64; x64; rv:80.0) Gecko/20100101 Firefox/80.0"
::ffff:127.0.0.1 - - [31/Aug/2020:17:29:06 +0000] "GET /user/verifytoken HTTP/1.1" 401 36 "http://localhost:3002/" "Mozilla/5.0 (Windows NT 10.0; Win64; x64; rv:80.0) Gecko/20100101 Firefox/80.0"
::1 - - [31/Aug/2020:17:29:06 +0000] "OPTIONS /user/verifytoken HTTP/1.1" 200 8 "http://localhost:3002/request/reset" "Mozilla/5.0 (Windows NT 10.0; Win64; x64) AppleWebKit/537.36 (KHTML, like Gecko) Chrome/84.0.4147.135 Safari/537.36"
::1 - - [31/Aug/2020:17:29:07 +0000] "GET /user/verifytoken HTTP/1.1" 401 36 "http://localhost:3002/request/reset" "Mozilla/5.0 (Windows NT 10.0; Win64; x64) AppleWebKit/537.36 (KHTML, like Gecko) Chrome/84.0.4147.135 Safari/537.36"
::1 - - [31/Aug/2020:17:29:08 +0000] "GET /user/verifytoken HTTP/1.1" 401 36 "http://localhost:3002/login" "Mozilla/5.0 (Windows NT 10.0; Win64; x64) AppleWebKit/537.36 (KHTML, like Gecko) Chrome/84.0.4147.135 Safari/537.36"
::1 - - [31/Aug/2020:17:29:09 +0000] "GET /user/verifytoken HTTP/1.1" 401 36 "http://localhost:3002/login" "Mozilla/5.0 (Windows NT 10.0; Win64; x64) AppleWebKit/537.36 (KHTML, like Gecko) Chrome/84.0.4147.135 Safari/537.36"
::1 - - [31/Aug/2020:17:29:09 +0000] "OPTIONS /user/verifytoken HTTP/1.1" 200 8 "http://localhost:3002/login" "Mozilla/5.0 (Windows NT 10.0; Win64; x64) AppleWebKit/537.36 (KHTML, like Gecko) Chrome/84.0.4147.135 Safari/537.36"
::1 - - [31/Aug/2020:17:29:09 +0000] "GET /user/verifytoken HTTP/1.1" 401 36 "http://localhost:3002/login" "Mozilla/5.0 (Windows NT 10.0; Win64; x64) AppleWebKit/537.36 (KHTML, like Gecko) Chrome/84.0.4147.135 Safari/537.36"
::1 - - [31/Aug/2020:17:29:23 +0000] "OPTIONS /user/forgotpassword HTTP/1.1" 200 4 "http://localhost:3002/request/reset" "Mozilla/5.0 (Windows NT 10.0; Win64; x64) AppleWebKit/537.36 (KHTML, like Gecko) Chrome/84.0.4147.135 Safari/537.36"
::1 - - [31/Aug/2020:17:29:26 +0000] "POST /user/forgotpassword HTTP/1.1" 200 66 "http://localhost:3002/request/reset" "Mozilla/5.0 (Windows NT 10.0; Win64; x64) AppleWebKit/537.36 (KHTML, like Gecko) Chrome/84.0.4147.135 Safari/537.36"
::1 - - [31/Aug/2020:17:29:45 +0000] "OPTIONS /user/verifytoken HTTP/1.1" 200 8 "http://localhost:3002/request/reset" "Mozilla/5.0 (Windows NT 10.0; Win64; x64) AppleWebKit/537.36 (KHTML, like Gecko) Chrome/84.0.4147.135 Safari/537.36"
::1 - - [31/Aug/2020:17:29:46 +0000] "GET /user/verifytoken HTTP/1.1" 401 36 "http://localhost:3002/request/reset" "Mozilla/5.0 (Windows NT 10.0; Win64; x64) AppleWebKit/537.36 (KHTML, like Gecko) Chrome/84.0.4147.135 Safari/537.36"
::ffff:127.0.0.1 - - [31/Aug/2020:17:29:46 +0000] "OPTIONS /user/verifytoken HTTP/1.1" 200 8 "http://localhost:3002/" "Mozilla/5.0 (Windows NT 10.0; Win64; x64; rv:80.0) Gecko/20100101 Firefox/80.0"
::ffff:127.0.0.1 - - [31/Aug/2020:17:29:46 +0000] "GET /user/verifytoken HTTP/1.1" 401 36 "http://localhost:3002/" "Mozilla/5.0 (Windows NT 10.0; Win64; x64; rv:80.0) Gecko/20100101 Firefox/80.0"
::1 - - [31/Aug/2020:17:29:47 +0000] "GET /user/verifytoken HTTP/1.1" 401 36 "http://localhost:3002/login" "Mozilla/5.0 (Windows NT 10.0; Win64; x64) AppleWebKit/537.36 (KHTML, like Gecko) Chrome/84.0.4147.135 Safari/537.36"
::1 - - [31/Aug/2020:17:29:48 +0000] "GET /user/verifytoken HTTP/1.1" 401 36 "http://localhost:3002/login" "Mozilla/5.0 (Windows NT 10.0; Win64; x64) AppleWebKit/537.36 (KHTML, like Gecko) Chrome/84.0.4147.135 Safari/537.36"
::1 - - [31/Aug/2020:17:29:48 +0000] "OPTIONS /user/verifytoken HTTP/1.1" 200 8 "http://localhost:3002/login" "Mozilla/5.0 (Windows NT 10.0; Win64; x64) AppleWebKit/537.36 (KHTML, like Gecko) Chrome/84.0.4147.135 Safari/537.36"
::1 - - [31/Aug/2020:17:29:48 +0000] "GET /user/verifytoken HTTP/1.1" 401 36 "http://localhost:3002/login" "Mozilla/5.0 (Windows NT 10.0; Win64; x64) AppleWebKit/537.36 (KHTML, like Gecko) Chrome/84.0.4147.135 Safari/537.36"
::1 - - [31/Aug/2020:17:29:55 +0000] "OPTIONS /user/forgotpassword HTTP/1.1" 200 4 "http://localhost:3002/request/reset" "Mozilla/5.0 (Windows NT 10.0; Win64; x64) AppleWebKit/537.36 (KHTML, like Gecko) Chrome/84.0.4147.135 Safari/537.36"
::1 - - [31/Aug/2020:17:29:57 +0000] "POST /user/forgotpassword HTTP/1.1" 200 66 "http://localhost:3002/request/reset" "Mozilla/5.0 (Windows NT 10.0; Win64; x64) AppleWebKit/537.36 (KHTML, like Gecko) Chrome/84.0.4147.135 Safari/537.36"
::1 - - [31/Aug/2020:17:30:09 +0000] "OPTIONS /user/verifytoken HTTP/1.1" 200 8 "http://localhost:3002/request/reset" "Mozilla/5.0 (Windows NT 10.0; Win64; x64) AppleWebKit/537.36 (KHTML, like Gecko) Chrome/84.0.4147.135 Safari/537.36"
::1 - - [31/Aug/2020:17:30:10 +0000] "GET /user/verifytoken HTTP/1.1" 401 36 "http://localhost:3002/request/reset" "Mozilla/5.0 (Windows NT 10.0; Win64; x64) AppleWebKit/537.36 (KHTML, like Gecko) Chrome/84.0.4147.135 Safari/537.36"
::ffff:127.0.0.1 - - [31/Aug/2020:17:30:10 +0000] "OPTIONS /user/verifytoken HTTP/1.1" 200 8 "http://localhost:3002/" "Mozilla/5.0 (Windows NT 10.0; Win64; x64; rv:80.0) Gecko/20100101 Firefox/80.0"
::ffff:127.0.0.1 - - [31/Aug/2020:17:30:10 +0000] "GET /user/verifytoken HTTP/1.1" 401 36 "http://localhost:3002/" "Mozilla/5.0 (Windows NT 10.0; Win64; x64; rv:80.0) Gecko/20100101 Firefox/80.0"
::1 - - [31/Aug/2020:17:30:12 +0000] "GET /user/verifytoken HTTP/1.1" 401 36 "http://localhost:3002/login" "Mozilla/5.0 (Windows NT 10.0; Win64; x64) AppleWebKit/537.36 (KHTML, like Gecko) Chrome/84.0.4147.135 Safari/537.36"
::1 - - [31/Aug/2020:17:30:12 +0000] "GET /user/verifytoken HTTP/1.1" 401 36 "http://localhost:3002/login" "Mozilla/5.0 (Windows NT 10.0; Win64; x64) AppleWebKit/537.36 (KHTML, like Gecko) Chrome/84.0.4147.135 Safari/537.36"
::1 - - [31/Aug/2020:17:30:12 +0000] "OPTIONS /user/verifytoken HTTP/1.1" 200 8 "http://localhost:3002/login" "Mozilla/5.0 (Windows NT 10.0; Win64; x64) AppleWebKit/537.36 (KHTML, like Gecko) Chrome/84.0.4147.135 Safari/537.36"
::1 - - [31/Aug/2020:17:30:12 +0000] "GET /user/verifytoken HTTP/1.1" 401 36 "http://localhost:3002/login" "Mozilla/5.0 (Windows NT 10.0; Win64; x64) AppleWebKit/537.36 (KHTML, like Gecko) Chrome/84.0.4147.135 Safari/537.36"
::1 - - [31/Aug/2020:17:30:17 +0000] "OPTIONS /user/forgotpassword HTTP/1.1" 200 4 "http://localhost:3002/request/reset" "Mozilla/5.0 (Windows NT 10.0; Win64; x64) AppleWebKit/537.36 (KHTML, like Gecko) Chrome/84.0.4147.135 Safari/537.36"
::1 - - [31/Aug/2020:17:30:18 +0000] "POST /user/forgotpassword HTTP/1.1" 200 66 "http://localhost:3002/request/reset" "Mozilla/5.0 (Windows NT 10.0; Win64; x64) AppleWebKit/537.36 (KHTML, like Gecko) Chrome/84.0.4147.135 Safari/537.36"
::1 - - [31/Aug/2020:17:31:27 +0000] "OPTIONS /user/verifytoken HTTP/1.1" 200 8 "http://localhost:3002/request/reset" "Mozilla/5.0 (Windows NT 10.0; Win64; x64) AppleWebKit/537.36 (KHTML, like Gecko) Chrome/84.0.4147.135 Safari/537.36"
::1 - - [31/Aug/2020:17:31:28 +0000] "GET /user/verifytoken HTTP/1.1" 401 36 "http://localhost:3002/request/reset" "Mozilla/5.0 (Windows NT 10.0; Win64; x64) AppleWebKit/537.36 (KHTML, like Gecko) Chrome/84.0.4147.135 Safari/537.36"
::ffff:127.0.0.1 - - [31/Aug/2020:17:31:28 +0000] "OPTIONS /user/verifytoken HTTP/1.1" 200 8 "http://localhost:3002/" "Mozilla/5.0 (Windows NT 10.0; Win64; x64; rv:80.0) Gecko/20100101 Firefox/80.0"
::ffff:127.0.0.1 - - [31/Aug/2020:17:31:29 +0000] "GET /user/verifytoken HTTP/1.1" 401 36 "http://localhost:3002/" "Mozilla/5.0 (Windows NT 10.0; Win64; x64; rv:80.0) Gecko/20100101 Firefox/80.0"
::1 - - [31/Aug/2020:17:31:32 +0000] "GET /user/verifytoken HTTP/1.1" 401 36 "http://localhost:3002/request/reset" "Mozilla/5.0 (Windows NT 10.0; Win64; x64) AppleWebKit/537.36 (KHTML, like Gecko) Chrome/84.0.4147.135 Safari/537.36"
::ffff:127.0.0.1 - - [31/Aug/2020:17:31:32 +0000] "GET /user/verifytoken HTTP/1.1" 401 36 "http://localhost:3002/" "Mozilla/5.0 (Windows NT 10.0; Win64; x64; rv:80.0) Gecko/20100101 Firefox/80.0"
::1 - - [31/Aug/2020:17:31:33 +0000] "OPTIONS /user/verifytoken HTTP/1.1" 200 8 "http://localhost:3002/login" "Mozilla/5.0 (Windows NT 10.0; Win64; x64) AppleWebKit/537.36 (KHTML, like Gecko) Chrome/84.0.4147.135 Safari/537.36"
::1 - - [31/Aug/2020:17:31:33 +0000] "GET /user/verifytoken HTTP/1.1" 401 36 "http://localhost:3002/login" "Mozilla/5.0 (Windows NT 10.0; Win64; x64) AppleWebKit/537.36 (KHTML, like Gecko) Chrome/84.0.4147.135 Safari/537.36"
::1 - - [31/Aug/2020:17:31:34 +0000] "OPTIONS /user/verifytoken HTTP/1.1" 200 8 "http://localhost:3002/login" "Mozilla/5.0 (Windows NT 10.0; Win64; x64) AppleWebKit/537.36 (KHTML, like Gecko) Chrome/84.0.4147.135 Safari/537.36"
::1 - - [31/Aug/2020:17:31:34 +0000] "GET /user/verifytoken HTTP/1.1" 401 36 "http://localhost:3002/login" "Mozilla/5.0 (Windows NT 10.0; Win64; x64) AppleWebKit/537.36 (KHTML, like Gecko) Chrome/84.0.4147.135 Safari/537.36"
::1 - - [31/Aug/2020:17:57:29 +0000] "OPTIONS /user/verifytoken HTTP/1.1" 200 8 "http://localhost:3002/verify/df5931fd02ceb0b60001ce36d5a9d4650f781874523c4b39cd4867778eb1c7c7" "Mozilla/5.0 (Windows NT 10.0; Win64; x64) AppleWebKit/537.36 (KHTML, like Gecko) Chrome/84.0.4147.135 Safari/537.36"
::1 - - [31/Aug/2020:17:57:30 +0000] "GET /user/verifytoken HTTP/1.1" 401 36 "http://localhost:3002/verify/df5931fd02ceb0b60001ce36d5a9d4650f781874523c4b39cd4867778eb1c7c7" "Mozilla/5.0 (Windows NT 10.0; Win64; x64) AppleWebKit/537.36 (KHTML, like Gecko) Chrome/84.0.4147.135 Safari/537.36"
::1 - - [31/Aug/2020:17:58:17 +0000] "OPTIONS /user/verifytoken HTTP/1.1" 200 8 "http://localhost:3002/verify/df5931fd02ceb0b60001ce36d5a9d4650f781874523c4b39cd4867778eb1c7c7" "Mozilla/5.0 (Windows NT 10.0; Win64; x64) AppleWebKit/537.36 (KHTML, like Gecko) Chrome/84.0.4147.135 Safari/537.36"
::1 - - [31/Aug/2020:17:58:19 +0000] "GET /user/verifytoken HTTP/1.1" 401 36 "http://localhost:3002/verify/df5931fd02ceb0b60001ce36d5a9d4650f781874523c4b39cd4867778eb1c7c7" "Mozilla/5.0 (Windows NT 10.0; Win64; x64) AppleWebKit/537.36 (KHTML, like Gecko) Chrome/84.0.4147.135 Safari/537.36"
::ffff:127.0.0.1 - - [31/Aug/2020:17:58:19 +0000] "OPTIONS /user/verifytoken HTTP/1.1" 200 8 "http://localhost:3002/" "Mozilla/5.0 (Windows NT 10.0; Win64; x64; rv:80.0) Gecko/20100101 Firefox/80.0"
::ffff:127.0.0.1 - - [31/Aug/2020:17:58:19 +0000] "GET /user/verifytoken HTTP/1.1" 401 36 "http://localhost:3002/" "Mozilla/5.0 (Windows NT 10.0; Win64; x64; rv:80.0) Gecko/20100101 Firefox/80.0"
::1 - - [31/Aug/2020:17:58:20 +0000] "GET /user/verifytoken HTTP/1.1" 401 36 "http://localhost:3002/request/reset" "Mozilla/5.0 (Windows NT 10.0; Win64; x64) AppleWebKit/537.36 (KHTML, like Gecko) Chrome/84.0.4147.135 Safari/537.36"
::1 - - [31/Aug/2020:17:58:20 +0000] "GET /user/verifytoken HTTP/1.1" 401 36 "http://localhost:3002/login" "Mozilla/5.0 (Windows NT 10.0; Win64; x64) AppleWebKit/537.36 (KHTML, like Gecko) Chrome/84.0.4147.135 Safari/537.36"
::1 - - [31/Aug/2020:17:58:33 +0000] "OPTIONS /user/verifyemail HTTP/1.1" 200 4 "http://localhost:3002/verify/df5931fd02ceb0b60001ce36d5a9d4650f781874523c4b39cd4867778eb1c7c7" "Mozilla/5.0 (Windows NT 10.0; Win64; x64) AppleWebKit/537.36 (KHTML, like Gecko) Chrome/84.0.4147.135 Safari/537.36"
::1 - - [31/Aug/2020:17:58:33 +0000] "POST /user/verifyemail HTTP/1.1" 410 80 "http://localhost:3002/verify/df5931fd02ceb0b60001ce36d5a9d4650f781874523c4b39cd4867778eb1c7c7" "Mozilla/5.0 (Windows NT 10.0; Win64; x64) AppleWebKit/537.36 (KHTML, like Gecko) Chrome/84.0.4147.135 Safari/537.36"
::1 - - [31/Aug/2020:17:59:00 +0000] "OPTIONS /user/verifytoken HTTP/1.1" 200 8 "http://localhost:3002/" "Mozilla/5.0 (Windows NT 10.0; Win64; x64; rv:80.0) Gecko/20100101 Firefox/80.0"
::1 - - [31/Aug/2020:17:59:01 +0000] "GET /user/verifytoken HTTP/1.1" 401 36 "http://localhost:3002/" "Mozilla/5.0 (Windows NT 10.0; Win64; x64; rv:80.0) Gecko/20100101 Firefox/80.0"
::1 - - [31/Aug/2020:17:59:01 +0000] "OPTIONS /user/verifytoken HTTP/1.1" 200 8 "http://localhost:3002/verify/df5931fd02ceb0b60001ce36d5a9d4650f781874523c4b39cd4867778eb1c7c7" "Mozilla/5.0 (Windows NT 10.0; Win64; x64) AppleWebKit/537.36 (KHTML, like Gecko) Chrome/84.0.4147.135 Safari/537.36"
::1 - - [31/Aug/2020:17:59:02 +0000] "GET /user/verifytoken HTTP/1.1" 401 36 "http://localhost:3002/verify/df5931fd02ceb0b60001ce36d5a9d4650f781874523c4b39cd4867778eb1c7c7" "Mozilla/5.0 (Windows NT 10.0; Win64; x64) AppleWebKit/537.36 (KHTML, like Gecko) Chrome/84.0.4147.135 Safari/537.36"
::1 - - [31/Aug/2020:17:59:03 +0000] "GET /user/verifytoken HTTP/1.1" 401 36 "http://localhost:3002/login" "Mozilla/5.0 (Windows NT 10.0; Win64; x64) AppleWebKit/537.36 (KHTML, like Gecko) Chrome/84.0.4147.135 Safari/537.36"
::1 - - [31/Aug/2020:17:59:04 +0000] "GET /user/verifytoken HTTP/1.1" 401 36 "http://localhost:3002/request/reset" "Mozilla/5.0 (Windows NT 10.0; Win64; x64) AppleWebKit/537.36 (KHTML, like Gecko) Chrome/84.0.4147.135 Safari/537.36"
::1 - - [31/Aug/2020:17:59:18 +0000] "OPTIONS /user/verifyemail HTTP/1.1" 200 4 "http://localhost:3002/verify/df5931fd02ceb0b60001ce36d5a9d4650f781874523c4b39cd4867778eb1c7c7" "Mozilla/5.0 (Windows NT 10.0; Win64; x64) AppleWebKit/537.36 (KHTML, like Gecko) Chrome/84.0.4147.135 Safari/537.36"
::1 - - [31/Aug/2020:17:59:19 +0000] "POST /user/verifyemail HTTP/1.1" 410 80 "http://localhost:3002/verify/df5931fd02ceb0b60001ce36d5a9d4650f781874523c4b39cd4867778eb1c7c7" "Mozilla/5.0 (Windows NT 10.0; Win64; x64) AppleWebKit/537.36 (KHTML, like Gecko) Chrome/84.0.4147.135 Safari/537.36"
::1 - - [31/Aug/2020:18:01:14 +0000] "OPTIONS /user/verifytoken HTTP/1.1" 200 8 "http://localhost:3002/verify/df5931fd02ceb0b60001ce36d5a9d4650f781874523c4b39cd4867778eb1c7c7" "Mozilla/5.0 (Windows NT 10.0; Win64; x64) AppleWebKit/537.36 (KHTML, like Gecko) Chrome/84.0.4147.135 Safari/537.36"
::1 - - [31/Aug/2020:18:01:16 +0000] "GET /user/verifytoken HTTP/1.1" 401 36 "http://localhost:3002/verify/df5931fd02ceb0b60001ce36d5a9d4650f781874523c4b39cd4867778eb1c7c7" "Mozilla/5.0 (Windows NT 10.0; Win64; x64) AppleWebKit/537.36 (KHTML, like Gecko) Chrome/84.0.4147.135 Safari/537.36"
::1 - - [31/Aug/2020:18:01:16 +0000] "OPTIONS /user/verifytoken HTTP/1.1" 200 8 "http://localhost:3002/" "Mozilla/5.0 (Windows NT 10.0; Win64; x64; rv:80.0) Gecko/20100101 Firefox/80.0"
::1 - - [31/Aug/2020:18:01:16 +0000] "GET /user/verifytoken HTTP/1.1" 401 36 "http://localhost:3002/" "Mozilla/5.0 (Windows NT 10.0; Win64; x64; rv:80.0) Gecko/20100101 Firefox/80.0"
::1 - - [31/Aug/2020:18:01:19 +0000] "GET /user/verifytoken HTTP/1.1" 401 36 "http://localhost:3002/login" "Mozilla/5.0 (Windows NT 10.0; Win64; x64) AppleWebKit/537.36 (KHTML, like Gecko) Chrome/84.0.4147.135 Safari/537.36"
::1 - - [31/Aug/2020:18:01:19 +0000] "GET /user/verifytoken HTTP/1.1" 401 36 "http://localhost:3002/request/reset" "Mozilla/5.0 (Windows NT 10.0; Win64; x64) AppleWebKit/537.36 (KHTML, like Gecko) Chrome/84.0.4147.135 Safari/537.36"
::1 - - [31/Aug/2020:18:01:33 +0000] "OPTIONS /user/verifyemail HTTP/1.1" 200 4 "http://localhost:3002/verify/df5931fd02ceb0b60001ce36d5a9d4650f781874523c4b39cd4867778eb1c7c7" "Mozilla/5.0 (Windows NT 10.0; Win64; x64) AppleWebKit/537.36 (KHTML, like Gecko) Chrome/84.0.4147.135 Safari/537.36"
::1 - - [31/Aug/2020:18:01:33 +0000] "POST /user/verifyemail HTTP/1.1" 410 80 "http://localhost:3002/verify/df5931fd02ceb0b60001ce36d5a9d4650f781874523c4b39cd4867778eb1c7c7" "Mozilla/5.0 (Windows NT 10.0; Win64; x64) AppleWebKit/537.36 (KHTML, like Gecko) Chrome/84.0.4147.135 Safari/537.36"
::ffff:127.0.0.1 - - [31/Aug/2020:18:02:51 +0000] "OPTIONS /user/verifytoken HTTP/1.1" 200 8 "http://localhost:3002/" "Mozilla/5.0 (Windows NT 10.0; Win64; x64; rv:80.0) Gecko/20100101 Firefox/80.0"
::ffff:127.0.0.1 - - [31/Aug/2020:18:02:51 +0000] "GET /user/verifytoken HTTP/1.1" 401 36 "http://localhost:3002/" "Mozilla/5.0 (Windows NT 10.0; Win64; x64; rv:80.0) Gecko/20100101 Firefox/80.0"
::1 - - [31/Aug/2020:18:02:52 +0000] "OPTIONS /user/verifytoken HTTP/1.1" 200 8 "http://localhost:3002/verify/df5931fd02ceb0b60001ce36d5a9d4650f781874523c4b39cd4867778eb1c7c7" "Mozilla/5.0 (Windows NT 10.0; Win64; x64) AppleWebKit/537.36 (KHTML, like Gecko) Chrome/84.0.4147.135 Safari/537.36"
::1 - - [31/Aug/2020:18:02:53 +0000] "GET /user/verifytoken HTTP/1.1" 401 36 "http://localhost:3002/verify/df5931fd02ceb0b60001ce36d5a9d4650f781874523c4b39cd4867778eb1c7c7" "Mozilla/5.0 (Windows NT 10.0; Win64; x64) AppleWebKit/537.36 (KHTML, like Gecko) Chrome/84.0.4147.135 Safari/537.36"
::1 - - [31/Aug/2020:18:02:54 +0000] "GET /user/verifytoken HTTP/1.1" 401 36 "http://localhost:3002/request/reset" "Mozilla/5.0 (Windows NT 10.0; Win64; x64) AppleWebKit/537.36 (KHTML, like Gecko) Chrome/84.0.4147.135 Safari/537.36"
::1 - - [31/Aug/2020:18:02:55 +0000] "GET /user/verifytoken HTTP/1.1" 401 36 "http://localhost:3002/login" "Mozilla/5.0 (Windows NT 10.0; Win64; x64) AppleWebKit/537.36 (KHTML, like Gecko) Chrome/84.0.4147.135 Safari/537.36"
::1 - - [31/Aug/2020:18:03:08 +0000] "OPTIONS /user/verifyemail HTTP/1.1" 200 4 "http://localhost:3002/verify/df5931fd02ceb0b60001ce36d5a9d4650f781874523c4b39cd4867778eb1c7c7" "Mozilla/5.0 (Windows NT 10.0; Win64; x64) AppleWebKit/537.36 (KHTML, like Gecko) Chrome/84.0.4147.135 Safari/537.36"
::1 - - [31/Aug/2020:18:03:09 +0000] "POST /user/verifyemail HTTP/1.1" 410 80 "http://localhost:3002/verify/df5931fd02ceb0b60001ce36d5a9d4650f781874523c4b39cd4867778eb1c7c7" "Mozilla/5.0 (Windows NT 10.0; Win64; x64) AppleWebKit/537.36 (KHTML, like Gecko) Chrome/84.0.4147.135 Safari/537.36"
::ffff:127.0.0.1 - - [31/Aug/2020:18:03:59 +0000] "OPTIONS /user/verifytoken HTTP/1.1" 200 8 "http://localhost:3002/" "Mozilla/5.0 (Windows NT 10.0; Win64; x64; rv:80.0) Gecko/20100101 Firefox/80.0"
::ffff:127.0.0.1 - - [31/Aug/2020:18:04:00 +0000] "GET /user/verifytoken HTTP/1.1" 401 36 "http://localhost:3002/" "Mozilla/5.0 (Windows NT 10.0; Win64; x64; rv:80.0) Gecko/20100101 Firefox/80.0"
::ffff:127.0.0.1 - - [31/Aug/2020:18:04:04 +0000] "OPTIONS /user/verifytoken HTTP/1.1" 200 8 "http://localhost:3002/" "Mozilla/5.0 (Windows NT 10.0; Win64; x64; rv:80.0) Gecko/20100101 Firefox/80.0"
::ffff:127.0.0.1 - - [31/Aug/2020:18:04:05 +0000] "GET /user/verifytoken HTTP/1.1" 401 36 "http://localhost:3002/" "Mozilla/5.0 (Windows NT 10.0; Win64; x64; rv:80.0) Gecko/20100101 Firefox/80.0"
::1 - - [31/Aug/2020:18:04:06 +0000] "OPTIONS /user/verifytoken HTTP/1.1" 200 8 "http://localhost:3002/login" "Mozilla/5.0 (Windows NT 10.0; Win64; x64) AppleWebKit/537.36 (KHTML, like Gecko) Chrome/84.0.4147.135 Safari/537.36"
::1 - - [31/Aug/2020:18:04:06 +0000] "GET /user/verifytoken HTTP/1.1" 401 36 "http://localhost:3002/login" "Mozilla/5.0 (Windows NT 10.0; Win64; x64) AppleWebKit/537.36 (KHTML, like Gecko) Chrome/84.0.4147.135 Safari/537.36"
::1 - - [31/Aug/2020:18:04:06 +0000] "GET /user/verifytoken HTTP/1.1" 401 36 "http://localhost:3002/request/reset" "Mozilla/5.0 (Windows NT 10.0; Win64; x64) AppleWebKit/537.36 (KHTML, like Gecko) Chrome/84.0.4147.135 Safari/537.36"
::1 - - [31/Aug/2020:18:04:11 +0000] "OPTIONS /user/verifytoken HTTP/1.1" 200 8 "http://localhost:3002/verify/df5931fd02ceb0b60001ce36d5a9d4650f781874523c4b39cd4867778eb1c7c7" "Mozilla/5.0 (Windows NT 10.0; Win64; x64) AppleWebKit/537.36 (KHTML, like Gecko) Chrome/84.0.4147.135 Safari/537.36"
::1 - - [31/Aug/2020:18:04:11 +0000] "GET /user/verifytoken HTTP/1.1" 401 36 "http://localhost:3002/verify/df5931fd02ceb0b60001ce36d5a9d4650f781874523c4b39cd4867778eb1c7c7" "Mozilla/5.0 (Windows NT 10.0; Win64; x64) AppleWebKit/537.36 (KHTML, like Gecko) Chrome/84.0.4147.135 Safari/537.36"
::1 - - [31/Aug/2020:18:04:25 +0000] "OPTIONS /user/verifyemail HTTP/1.1" 200 4 "http://localhost:3002/verify/df5931fd02ceb0b60001ce36d5a9d4650f781874523c4b39cd4867778eb1c7c7" "Mozilla/5.0 (Windows NT 10.0; Win64; x64) AppleWebKit/537.36 (KHTML, like Gecko) Chrome/84.0.4147.135 Safari/537.36"
::1 - - [31/Aug/2020:18:04:25 +0000] "POST /user/verifyemail HTTP/1.1" 410 80 "http://localhost:3002/verify/df5931fd02ceb0b60001ce36d5a9d4650f781874523c4b39cd4867778eb1c7c7" "Mozilla/5.0 (Windows NT 10.0; Win64; x64) AppleWebKit/537.36 (KHTML, like Gecko) Chrome/84.0.4147.135 Safari/537.36"
::ffff:127.0.0.1 - - [31/Aug/2020:18:06:15 +0000] "OPTIONS /user/verifytoken HTTP/1.1" 200 8 "http://localhost:3002/" "Mozilla/5.0 (Windows NT 10.0; Win64; x64; rv:80.0) Gecko/20100101 Firefox/80.0"
::ffff:127.0.0.1 - - [31/Aug/2020:18:06:16 +0000] "GET /user/verifytoken HTTP/1.1" 401 36 "http://localhost:3002/" "Mozilla/5.0 (Windows NT 10.0; Win64; x64; rv:80.0) Gecko/20100101 Firefox/80.0"
::1 - - [31/Aug/2020:18:06:17 +0000] "OPTIONS /user/verifytoken HTTP/1.1" 200 8 "http://localhost:3002/verify/df5931fd02ceb0b60001ce36d5a9d4650f781874523c4b39cd4867778eb1c7c7" "Mozilla/5.0 (Windows NT 10.0; Win64; x64) AppleWebKit/537.36 (KHTML, like Gecko) Chrome/84.0.4147.135 Safari/537.36"
::1 - - [31/Aug/2020:18:06:17 +0000] "GET /user/verifytoken HTTP/1.1" 401 36 "http://localhost:3002/verify/df5931fd02ceb0b60001ce36d5a9d4650f781874523c4b39cd4867778eb1c7c7" "Mozilla/5.0 (Windows NT 10.0; Win64; x64) AppleWebKit/537.36 (KHTML, like Gecko) Chrome/84.0.4147.135 Safari/537.36"
::1 - - [31/Aug/2020:18:06:18 +0000] "GET /user/verifytoken HTTP/1.1" 401 36 "http://localhost:3002/login" "Mozilla/5.0 (Windows NT 10.0; Win64; x64) AppleWebKit/537.36 (KHTML, like Gecko) Chrome/84.0.4147.135 Safari/537.36"
::1 - - [31/Aug/2020:18:06:29 +0000] "OPTIONS /user/verifyemail HTTP/1.1" 200 4 "http://localhost:3002/verify/df5931fd02ceb0b60001ce36d5a9d4650f781874523c4b39cd4867778eb1c7c7" "Mozilla/5.0 (Windows NT 10.0; Win64; x64) AppleWebKit/537.36 (KHTML, like Gecko) Chrome/84.0.4147.135 Safari/537.36"
::1 - - [31/Aug/2020:18:06:30 +0000] "POST /user/verifyemail HTTP/1.1" 410 80 "http://localhost:3002/verify/df5931fd02ceb0b60001ce36d5a9d4650f781874523c4b39cd4867778eb1c7c7" "Mozilla/5.0 (Windows NT 10.0; Win64; x64) AppleWebKit/537.36 (KHTML, like Gecko) Chrome/84.0.4147.135 Safari/537.36"
::ffff:127.0.0.1 - - [31/Aug/2020:18:07:17 +0000] "OPTIONS /user/verifytoken HTTP/1.1" 200 8 "http://localhost:3002/" "Mozilla/5.0 (Windows NT 10.0; Win64; x64; rv:80.0) Gecko/20100101 Firefox/80.0"
::ffff:127.0.0.1 - - [31/Aug/2020:18:07:19 +0000] "GET /user/verifytoken HTTP/1.1" 401 36 "http://localhost:3002/" "Mozilla/5.0 (Windows NT 10.0; Win64; x64; rv:80.0) Gecko/20100101 Firefox/80.0"
::1 - - [31/Aug/2020:18:07:19 +0000] "OPTIONS /user/verifytoken HTTP/1.1" 200 8 "http://localhost:3002/request/verify" "Mozilla/5.0 (Windows NT 10.0; Win64; x64) AppleWebKit/537.36 (KHTML, like Gecko) Chrome/84.0.4147.135 Safari/537.36"
::1 - - [31/Aug/2020:18:07:19 +0000] "GET /user/verifytoken HTTP/1.1" 401 36 "http://localhost:3002/request/verify" "Mozilla/5.0 (Windows NT 10.0; Win64; x64) AppleWebKit/537.36 (KHTML, like Gecko) Chrome/84.0.4147.135 Safari/537.36"
::1 - - [31/Aug/2020:18:07:21 +0000] "GET /user/verifytoken HTTP/1.1" 401 36 "http://localhost:3002/login" "Mozilla/5.0 (Windows NT 10.0; Win64; x64) AppleWebKit/537.36 (KHTML, like Gecko) Chrome/84.0.4147.135 Safari/537.36"
::ffff:127.0.0.1 - - [31/Aug/2020:18:08:43 +0000] "OPTIONS /user/verifytoken HTTP/1.1" 200 8 "http://localhost:3002/" "Mozilla/5.0 (Windows NT 10.0; Win64; x64; rv:80.0) Gecko/20100101 Firefox/80.0"
::ffff:127.0.0.1 - - [31/Aug/2020:18:08:44 +0000] "GET /user/verifytoken HTTP/1.1" 401 36 "http://localhost:3002/" "Mozilla/5.0 (Windows NT 10.0; Win64; x64; rv:80.0) Gecko/20100101 Firefox/80.0"
::1 - - [31/Aug/2020:18:08:45 +0000] "OPTIONS /user/verifytoken HTTP/1.1" 200 8 "http://localhost:3002/request/verify" "Mozilla/5.0 (Windows NT 10.0; Win64; x64) AppleWebKit/537.36 (KHTML, like Gecko) Chrome/84.0.4147.135 Safari/537.36"
::1 - - [31/Aug/2020:18:08:45 +0000] "GET /user/verifytoken HTTP/1.1" 401 36 "http://localhost:3002/request/verify" "Mozilla/5.0 (Windows NT 10.0; Win64; x64) AppleWebKit/537.36 (KHTML, like Gecko) Chrome/84.0.4147.135 Safari/537.36"
::1 - - [31/Aug/2020:18:08:49 +0000] "GET /user/verifytoken HTTP/1.1" 401 36 "http://localhost:3002/login" "Mozilla/5.0 (Windows NT 10.0; Win64; x64) AppleWebKit/537.36 (KHTML, like Gecko) Chrome/84.0.4147.135 Safari/537.36"
::1 - - [31/Aug/2020:18:08:49 +0000] "GET /user/verifytoken HTTP/1.1" 401 36 "http://localhost:3002/verify/df5931fd02ceb0b60001ce36d5a9d4650f781874523c4b39cd4867778eb1c7c7" "Mozilla/5.0 (Windows NT 10.0; Win64; x64) AppleWebKit/537.36 (KHTML, like Gecko) Chrome/84.0.4147.135 Safari/537.36"
::1 - - [31/Aug/2020:18:09:01 +0000] "OPTIONS /user/verifyemail HTTP/1.1" 200 4 "http://localhost:3002/verify/df5931fd02ceb0b60001ce36d5a9d4650f781874523c4b39cd4867778eb1c7c7" "Mozilla/5.0 (Windows NT 10.0; Win64; x64) AppleWebKit/537.36 (KHTML, like Gecko) Chrome/84.0.4147.135 Safari/537.36"
::1 - - [31/Aug/2020:18:09:02 +0000] "POST /user/verifyemail HTTP/1.1" 410 96 "http://localhost:3002/verify/df5931fd02ceb0b60001ce36d5a9d4650f781874523c4b39cd4867778eb1c7c7" "Mozilla/5.0 (Windows NT 10.0; Win64; x64) AppleWebKit/537.36 (KHTML, like Gecko) Chrome/84.0.4147.135 Safari/537.36"
::1 - - [31/Aug/2020:18:09:18 +0000] "OPTIONS /user/verifytoken HTTP/1.1" 200 8 "http://localhost:3002/verify/df5931fd02ceb0b60001ce36d5a9d4650f781874523c4b39cd4867778eb1c7c7" "Mozilla/5.0 (Windows NT 10.0; Win64; x64) AppleWebKit/537.36 (KHTML, like Gecko) Chrome/84.0.4147.135 Safari/537.36"
::1 - - [31/Aug/2020:18:09:19 +0000] "GET /user/verifytoken HTTP/1.1" 401 36 "http://localhost:3002/verify/df5931fd02ceb0b60001ce36d5a9d4650f781874523c4b39cd4867778eb1c7c7" "Mozilla/5.0 (Windows NT 10.0; Win64; x64) AppleWebKit/537.36 (KHTML, like Gecko) Chrome/84.0.4147.135 Safari/537.36"
::ffff:127.0.0.1 - - [31/Aug/2020:18:09:19 +0000] "OPTIONS /user/verifytoken HTTP/1.1" 200 8 "http://localhost:3002/" "Mozilla/5.0 (Windows NT 10.0; Win64; x64; rv:80.0) Gecko/20100101 Firefox/80.0"
::ffff:127.0.0.1 - - [31/Aug/2020:18:09:20 +0000] "GET /user/verifytoken HTTP/1.1" 401 36 "http://localhost:3002/" "Mozilla/5.0 (Windows NT 10.0; Win64; x64; rv:80.0) Gecko/20100101 Firefox/80.0"
::1 - - [31/Aug/2020:18:09:23 +0000] "OPTIONS /user/verifytoken HTTP/1.1" 200 8 "http://localhost:3002/request/verify" "Mozilla/5.0 (Windows NT 10.0; Win64; x64) AppleWebKit/537.36 (KHTML, like Gecko) Chrome/84.0.4147.135 Safari/537.36"
::1 - - [31/Aug/2020:18:09:23 +0000] "GET /user/verifytoken HTTP/1.1" 401 36 "http://localhost:3002/request/verify" "Mozilla/5.0 (Windows NT 10.0; Win64; x64) AppleWebKit/537.36 (KHTML, like Gecko) Chrome/84.0.4147.135 Safari/537.36"
::1 - - [31/Aug/2020:18:10:12 +0000] "OPTIONS /user/verifytoken HTTP/1.1" 200 8 "http://localhost:3002/verify/df5931fd02ceb0b60001ce36d5a9d4650f781874523c4b39cd4867778eb1c7c7" "Mozilla/5.0 (Windows NT 10.0; Win64; x64) AppleWebKit/537.36 (KHTML, like Gecko) Chrome/84.0.4147.135 Safari/537.36"
::1 - - [31/Aug/2020:18:10:13 +0000] "GET /user/verifytoken HTTP/1.1" 401 36 "http://localhost:3002/verify/df5931fd02ceb0b60001ce36d5a9d4650f781874523c4b39cd4867778eb1c7c7" "Mozilla/5.0 (Windows NT 10.0; Win64; x64) AppleWebKit/537.36 (KHTML, like Gecko) Chrome/84.0.4147.135 Safari/537.36"
::ffff:127.0.0.1 - - [31/Aug/2020:18:10:13 +0000] "OPTIONS /user/verifytoken HTTP/1.1" 200 8 "http://localhost:3002/" "Mozilla/5.0 (Windows NT 10.0; Win64; x64; rv:80.0) Gecko/20100101 Firefox/80.0"
::ffff:127.0.0.1 - - [31/Aug/2020:18:10:14 +0000] "GET /user/verifytoken HTTP/1.1" 401 36 "http://localhost:3002/" "Mozilla/5.0 (Windows NT 10.0; Win64; x64; rv:80.0) Gecko/20100101 Firefox/80.0"
::1 - - [31/Aug/2020:18:10:16 +0000] "OPTIONS /user/verifytoken HTTP/1.1" 200 8 "http://localhost:3002/request/verify" "Mozilla/5.0 (Windows NT 10.0; Win64; x64) AppleWebKit/537.36 (KHTML, like Gecko) Chrome/84.0.4147.135 Safari/537.36"
::1 - - [31/Aug/2020:18:10:16 +0000] "GET /user/verifytoken HTTP/1.1" 401 36 "http://localhost:3002/request/verify" "Mozilla/5.0 (Windows NT 10.0; Win64; x64) AppleWebKit/537.36 (KHTML, like Gecko) Chrome/84.0.4147.135 Safari/537.36"
::1 - - [31/Aug/2020:18:14:36 +0000] "OPTIONS /user/verifyemail HTTP/1.1" 200 4 "http://localhost:3002/verify/df5931fd02ceb0b60001ce36d5a9d4650f781874523c4b39cd4867778eb1c7c7" "Mozilla/5.0 (Windows NT 10.0; Win64; x64) AppleWebKit/537.36 (KHTML, like Gecko) Chrome/84.0.4147.135 Safari/537.36"
::1 - - [31/Aug/2020:18:14:37 +0000] "POST /user/verifyemail HTTP/1.1" 401 64 "http://localhost:3002/verify/df5931fd02ceb0b60001ce36d5a9d4650f781874523c4b39cd4867778eb1c7c7" "Mozilla/5.0 (Windows NT 10.0; Win64; x64) AppleWebKit/537.36 (KHTML, like Gecko) Chrome/84.0.4147.135 Safari/537.36"
::1 - - [31/Aug/2020:18:14:47 +0000] "OPTIONS /user/verifyemail HTTP/1.1" 200 4 "http://localhost:3002/verify/df5931fd02ceb0b60001ce36d5a9d4650f781874523c4b39cd4867778eb1c7c7" "Mozilla/5.0 (Windows NT 10.0; Win64; x64) AppleWebKit/537.36 (KHTML, like Gecko) Chrome/84.0.4147.135 Safari/537.36"
::1 - - [31/Aug/2020:18:14:48 +0000] "POST /user/verifyemail HTTP/1.1" 401 64 "http://localhost:3002/verify/df5931fd02ceb0b60001ce36d5a9d4650f781874523c4b39cd4867778eb1c7c7" "Mozilla/5.0 (Windows NT 10.0; Win64; x64) AppleWebKit/537.36 (KHTML, like Gecko) Chrome/84.0.4147.135 Safari/537.36"
::1 - - [31/Aug/2020:18:14:52 +0000] "POST /user/verifyemail HTTP/1.1" 409 77 "http://localhost:3002/verify/df5931fd02ceb0b60001ce36d5a9d4650f781874523c4b39cd4867778eb1c7c7" "Mozilla/5.0 (Windows NT 10.0; Win64; x64) AppleWebKit/537.36 (KHTML, like Gecko) Chrome/84.0.4147.135 Safari/537.36"
::1 - - [31/Aug/2020:18:14:53 +0000] "OPTIONS /user/verifyemail HTTP/1.1" 200 4 "http://localhost:3002/verify/df5931fd02ceb0b60001ce36d5a9d4650f781874523c4b39cd4867778eb1c7c7" "Mozilla/5.0 (Windows NT 10.0; Win64; x64) AppleWebKit/537.36 (KHTML, like Gecko) Chrome/84.0.4147.135 Safari/537.36"
::1 - - [31/Aug/2020:18:14:54 +0000] "POST /user/verifyemail HTTP/1.1" 409 77 "http://localhost:3002/verify/df5931fd02ceb0b60001ce36d5a9d4650f781874523c4b39cd4867778eb1c7c7" "Mozilla/5.0 (Windows NT 10.0; Win64; x64) AppleWebKit/537.36 (KHTML, like Gecko) Chrome/84.0.4147.135 Safari/537.36"
::1 - - [31/Aug/2020:18:15:13 +0000] "OPTIONS /user/verifyemail HTTP/1.1" 200 4 "http://localhost:3002/verify/df5931fd02ceb0b60001ce36d5a9d4650f781874523c4b39cd4867778eb1c7c7" "Mozilla/5.0 (Windows NT 10.0; Win64; x64) AppleWebKit/537.36 (KHTML, like Gecko) Chrome/84.0.4147.135 Safari/537.36"
::1 - - [31/Aug/2020:18:15:14 +0000] "POST /user/verifyemail HTTP/1.1" 410 96 "http://localhost:3002/verify/df5931fd02ceb0b60001ce36d5a9d4650f781874523c4b39cd4867778eb1c7c7" "Mozilla/5.0 (Windows NT 10.0; Win64; x64) AppleWebKit/537.36 (KHTML, like Gecko) Chrome/84.0.4147.135 Safari/537.36"
::1 - - [31/Aug/2020:18:15:32 +0000] "OPTIONS /user/requestverifyemail HTTP/1.1" 200 4 "http://localhost:3002/request/verify" "Mozilla/5.0 (Windows NT 10.0; Win64; x64) AppleWebKit/537.36 (KHTML, like Gecko) Chrome/84.0.4147.135 Safari/537.36"
::1 - - [31/Aug/2020:18:15:34 +0000] "POST /user/requestverifyemail HTTP/1.1" 200 65 "http://localhost:3002/request/verify" "Mozilla/5.0 (Windows NT 10.0; Win64; x64) AppleWebKit/537.36 (KHTML, like Gecko) Chrome/84.0.4147.135 Safari/537.36"
::1 - - [31/Aug/2020:18:15:57 +0000] "OPTIONS /user/verifytoken HTTP/1.1" 200 8 "http://localhost:3002/reset/69a33d274ac6bceb86e9a29d543f880ea88f1827dbffe2e791b708efad19494c" "Mozilla/5.0 (Windows NT 10.0; Win64; x64) AppleWebKit/537.36 (KHTML, like Gecko) Chrome/84.0.4147.135 Safari/537.36"
::1 - - [31/Aug/2020:18:15:57 +0000] "GET /user/verifytoken HTTP/1.1" 401 36 "http://localhost:3002/reset/69a33d274ac6bceb86e9a29d543f880ea88f1827dbffe2e791b708efad19494c" "Mozilla/5.0 (Windows NT 10.0; Win64; x64) AppleWebKit/537.36 (KHTML, like Gecko) Chrome/84.0.4147.135 Safari/537.36"
::1 - - [31/Aug/2020:20:07:11 +0000] "OPTIONS /user/verifytoken HTTP/1.1" 200 8 "http://localhost:3002/reset/69a33d274ac6bceb86e9a29d543f880ea88f1827dbffe2e791b708efad19494c" "Mozilla/5.0 (Windows NT 10.0; Win64; x64) AppleWebKit/537.36 (KHTML, like Gecko) Chrome/84.0.4147.135 Safari/537.36"
::1 - - [31/Aug/2020:20:07:12 +0000] "GET /user/verifytoken HTTP/1.1" 401 36 "http://localhost:3002/reset/69a33d274ac6bceb86e9a29d543f880ea88f1827dbffe2e791b708efad19494c" "Mozilla/5.0 (Windows NT 10.0; Win64; x64) AppleWebKit/537.36 (KHTML, like Gecko) Chrome/84.0.4147.135 Safari/537.36"
::1 - - [31/Aug/2020:20:11:05 +0000] "OPTIONS /user/verifytoken HTTP/1.1" 200 8 "http://localhost:3002/reset/69a33d274ac6bceb86e9a29d543f880ea88f1827dbffe2e791b708efad19494c" "Mozilla/5.0 (Windows NT 10.0; Win64; x64) AppleWebKit/537.36 (KHTML, like Gecko) Chrome/84.0.4147.135 Safari/537.36"
::1 - - [31/Aug/2020:20:11:06 +0000] "GET /user/verifytoken HTTP/1.1" 401 36 "http://localhost:3002/reset/69a33d274ac6bceb86e9a29d543f880ea88f1827dbffe2e791b708efad19494c" "Mozilla/5.0 (Windows NT 10.0; Win64; x64) AppleWebKit/537.36 (KHTML, like Gecko) Chrome/84.0.4147.135 Safari/537.36"
::ffff:127.0.0.1 - - [31/Aug/2020:20:11:08 +0000] "OPTIONS /user/verifytoken HTTP/1.1" 200 8 "http://localhost:3002/" "Mozilla/5.0 (Windows NT 10.0; Win64; x64; rv:80.0) Gecko/20100101 Firefox/80.0"
::ffff:127.0.0.1 - - [31/Aug/2020:20:11:09 +0000] "GET /user/verifytoken HTTP/1.1" 401 36 "http://localhost:3002/" "Mozilla/5.0 (Windows NT 10.0; Win64; x64; rv:80.0) Gecko/20100101 Firefox/80.0"
::1 - - [31/Aug/2020:20:11:14 +0000] "OPTIONS /user/verifytoken HTTP/1.1" 200 8 "http://localhost:3002/request/verify" "Mozilla/5.0 (Windows NT 10.0; Win64; x64) AppleWebKit/537.36 (KHTML, like Gecko) Chrome/84.0.4147.135 Safari/537.36"
::1 - - [31/Aug/2020:20:11:15 +0000] "GET /user/verifytoken HTTP/1.1" 401 36 "http://localhost:3002/request/verify" "Mozilla/5.0 (Windows NT 10.0; Win64; x64) AppleWebKit/537.36 (KHTML, like Gecko) Chrome/84.0.4147.135 Safari/537.36"
::1 - - [31/Aug/2020:20:11:15 +0000] "OPTIONS /user/verifytoken HTTP/1.1" 200 8 "http://localhost:3002/request/verify" "Mozilla/5.0 (Windows NT 10.0; Win64; x64) AppleWebKit/537.36 (KHTML, like Gecko) Chrome/84.0.4147.135 Safari/537.36"
::1 - - [31/Aug/2020:20:11:16 +0000] "GET /user/verifytoken HTTP/1.1" 401 36 "http://localhost:3002/request/verify" "Mozilla/5.0 (Windows NT 10.0; Win64; x64) AppleWebKit/537.36 (KHTML, like Gecko) Chrome/84.0.4147.135 Safari/537.36"
::1 - - [31/Aug/2020:20:11:27 +0000] "OPTIONS /user/resetpassword HTTP/1.1" 200 4 "http://localhost:3002/reset/69a33d274ac6bceb86e9a29d543f880ea88f1827dbffe2e791b708efad19494c" "Mozilla/5.0 (Windows NT 10.0; Win64; x64) AppleWebKit/537.36 (KHTML, like Gecko) Chrome/84.0.4147.135 Safari/537.36"
::1 - - [31/Aug/2020:20:11:27 +0000] "POST /user/resetpassword HTTP/1.1" 422 181 "http://localhost:3002/reset/69a33d274ac6bceb86e9a29d543f880ea88f1827dbffe2e791b708efad19494c" "Mozilla/5.0 (Windows NT 10.0; Win64; x64) AppleWebKit/537.36 (KHTML, like Gecko) Chrome/84.0.4147.135 Safari/537.36"
::1 - - [31/Aug/2020:20:11:38 +0000] "OPTIONS /user/verifytoken HTTP/1.1" 200 8 "http://localhost:3002/reset/69a33d274ac6bceb86e9a29d543f880ea88f1827dbffe2e791b708efad19494c" "Mozilla/5.0 (Windows NT 10.0; Win64; x64) AppleWebKit/537.36 (KHTML, like Gecko) Chrome/84.0.4147.135 Safari/537.36"
::1 - - [31/Aug/2020:20:11:39 +0000] "GET /user/verifytoken HTTP/1.1" 401 36 "http://localhost:3002/reset/69a33d274ac6bceb86e9a29d543f880ea88f1827dbffe2e791b708efad19494c" "Mozilla/5.0 (Windows NT 10.0; Win64; x64) AppleWebKit/537.36 (KHTML, like Gecko) Chrome/84.0.4147.135 Safari/537.36"
::1 - - [31/Aug/2020:20:12:02 +0000] "OPTIONS /user/resetpassword HTTP/1.1" 200 4 "http://localhost:3002/reset/69a33d274ac6bceb86e9a29d543f880ea88f1827dbffe2e791b708efad19494c" "Mozilla/5.0 (Windows NT 10.0; Win64; x64) AppleWebKit/537.36 (KHTML, like Gecko) Chrome/84.0.4147.135 Safari/537.36"
::1 - - [31/Aug/2020:20:12:02 +0000] "POST /user/resetpassword HTTP/1.1" 422 180 "http://localhost:3002/reset/69a33d274ac6bceb86e9a29d543f880ea88f1827dbffe2e791b708efad19494c" "Mozilla/5.0 (Windows NT 10.0; Win64; x64) AppleWebKit/537.36 (KHTML, like Gecko) Chrome/84.0.4147.135 Safari/537.36"
::1 - - [31/Aug/2020:20:12:08 +0000] "OPTIONS /user/resetpassword HTTP/1.1" 200 4 "http://localhost:3002/reset/69a33d274ac6bceb86e9a29d543f880ea88f1827dbffe2e791b708efad19494c" "Mozilla/5.0 (Windows NT 10.0; Win64; x64) AppleWebKit/537.36 (KHTML, like Gecko) Chrome/84.0.4147.135 Safari/537.36"
::1 - - [31/Aug/2020:20:12:08 +0000] "POST /user/resetpassword HTTP/1.1" 422 288 "http://localhost:3002/reset/69a33d274ac6bceb86e9a29d543f880ea88f1827dbffe2e791b708efad19494c" "Mozilla/5.0 (Windows NT 10.0; Win64; x64) AppleWebKit/537.36 (KHTML, like Gecko) Chrome/84.0.4147.135 Safari/537.36"
::1 - - [31/Aug/2020:20:12:20 +0000] "OPTIONS /user/resetpassword HTTP/1.1" 200 4 "http://localhost:3002/reset/69a33d274ac6bceb86e9a29d543f880ea88f1827dbffe2e791b708efad19494c" "Mozilla/5.0 (Windows NT 10.0; Win64; x64) AppleWebKit/537.36 (KHTML, like Gecko) Chrome/84.0.4147.135 Safari/537.36"
::1 - - [31/Aug/2020:20:12:20 +0000] "POST /user/resetpassword HTTP/1.1" 422 180 "http://localhost:3002/reset/69a33d274ac6bceb86e9a29d543f880ea88f1827dbffe2e791b708efad19494c" "Mozilla/5.0 (Windows NT 10.0; Win64; x64) AppleWebKit/537.36 (KHTML, like Gecko) Chrome/84.0.4147.135 Safari/537.36"
::1 - - [31/Aug/2020:20:12:35 +0000] "OPTIONS /user/resetpassword HTTP/1.1" 200 4 "http://localhost:3002/reset/69a33d274ac6bceb86e9a29d543f880ea88f1827dbffe2e791b708efad19494c" "Mozilla/5.0 (Windows NT 10.0; Win64; x64) AppleWebKit/537.36 (KHTML, like Gecko) Chrome/84.0.4147.135 Safari/537.36"
::1 - - [31/Aug/2020:20:12:36 +0000] "POST /user/resetpassword HTTP/1.1" 404 61 "http://localhost:3002/reset/69a33d274ac6bceb86e9a29d543f880ea88f1827dbffe2e791b708efad19494c" "Mozilla/5.0 (Windows NT 10.0; Win64; x64) AppleWebKit/537.36 (KHTML, like Gecko) Chrome/84.0.4147.135 Safari/537.36"
