::ffff:127.0.0.1 - - [31/Aug/2020:16:07:20 +0000] "GET /user/verifytoken HTTP/1.1" 401 36 "http://localhost:3002/" "Mozilla/5.0 (Windows NT 10.0; Win64; x64; rv:80.0) Gecko/20100101 Firefox/80.0"
::1 - - [31/Aug/2020:16:07:22 +0000] "OPTIONS /user/verifytoken HTTP/1.1" 200 8 "http://localhost:3002/" "Mozilla/5.0 (Windows NT 10.0; Win64; x64) AppleWebKit/537.36 (KHTML, like Gecko) Chrome/84.0.4147.135 Safari/537.36"
::1 - - [31/Aug/2020:16:07:22 +0000] "GET /user/verifytoken HTTP/1.1" 401 36 "http://localhost:3002/" "Mozilla/5.0 (Linux; Android 6.0.1; Moto G (4)) AppleWebKit/537.36 (KHTML, like Gecko) Chrome/84.0.4147.135 Mobile Safari/537.36"
::1 - - [31/Aug/2020:16:07:23 +0000] "OPTIONS /user/verifytoken HTTP/1.1" 200 8 "http://localhost:3002/" "Mozilla/5.0 (Windows NT 10.0; Win64; x64) AppleWebKit/537.36 (KHTML, like Gecko) Chrome/84.0.4147.135 Safari/537.36"
::1 - - [31/Aug/2020:16:07:23 +0000] "GET /user/verifytoken HTTP/1.1" 401 36 "http://localhost:3002/" "Mozilla/5.0 (Linux; Android 6.0.1; Moto G (4)) AppleWebKit/537.36 (KHTML, like Gecko) Chrome/84.0.4147.135 Mobile Safari/537.36"
::1 - - [31/Aug/2020:16:07:23 +0000] "OPTIONS /user/verifytoken HTTP/1.1" 200 8 "http://localhost:3002/" "Mozilla/5.0 (Windows NT 10.0; Win64; x64) AppleWebKit/537.36 (KHTML, like Gecko) Chrome/84.0.4147.135 Safari/537.36"
::1 - - [31/Aug/2020:16:07:24 +0000] "GET /user/verifytoken HTTP/1.1" 401 36 "http://localhost:3002/" "Mozilla/5.0 (Linux; Android 6.0.1; Moto G (4)) AppleWebKit/537.36 (KHTML, like Gecko) Chrome/84.0.4147.135 Mobile Safari/537.36"
::1 - - [31/Aug/2020:16:08:09 +0000] "OPTIONS /user/verifytoken HTTP/1.1" 200 8 "http://localhost:3002/request/reset" "Mozilla/5.0 (Windows NT 10.0; Win64; x64) AppleWebKit/537.36 (KHTML, like Gecko) Chrome/84.0.4147.135 Safari/537.36"
::1 - - [31/Aug/2020:16:08:09 +0000] "GET /user/verifytoken HTTP/1.1" 401 36 "http://localhost:3002/request/reset" "Mozilla/5.0 (Windows NT 10.0; Win64; x64) AppleWebKit/537.36 (KHTML, like Gecko) Chrome/84.0.4147.135 Safari/537.36"
::ffff:127.0.0.1 - - [31/Aug/2020:16:09:40 +0000] "OPTIONS /user/verifytoken HTTP/1.1" 200 8 "http://localhost:3002/" "Mozilla/5.0 (Windows NT 10.0; Win64; x64; rv:80.0) Gecko/20100101 Firefox/80.0"
::ffff:127.0.0.1 - - [31/Aug/2020:16:09:41 +0000] "GET /user/verifytoken HTTP/1.1" 401 36 "http://localhost:3002/" "Mozilla/5.0 (Windows NT 10.0; Win64; x64; rv:80.0) Gecko/20100101 Firefox/80.0"
::1 - - [31/Aug/2020:16:09:42 +0000] "OPTIONS /user/verifytoken HTTP/1.1" 200 8 "http://localhost:3002/request/reset" "Mozilla/5.0 (Windows NT 10.0; Win64; x64) AppleWebKit/537.36 (KHTML, like Gecko) Chrome/84.0.4147.135 Safari/537.36"
::1 - - [31/Aug/2020:16:09:42 +0000] "GET /user/verifytoken HTTP/1.1" 401 36 "http://localhost:3002/request/reset" "Mozilla/5.0 (Windows NT 10.0; Win64; x64) AppleWebKit/537.36 (KHTML, like Gecko) Chrome/84.0.4147.135 Safari/537.36"
::1 - - [31/Aug/2020:16:09:45 +0000] "OPTIONS /user/verifytoken HTTP/1.1" 200 8 "http://localhost:3002/" "Mozilla/5.0 (Windows NT 10.0; Win64; x64) AppleWebKit/537.36 (KHTML, like Gecko) Chrome/84.0.4147.135 Safari/537.36"
::1 - - [31/Aug/2020:16:09:46 +0000] "GET /user/verifytoken HTTP/1.1" 401 36 "http://localhost:3002/" "Mozilla/5.0 (Linux; Android 6.0.1; Moto G (4)) AppleWebKit/537.36 (KHTML, like Gecko) Chrome/84.0.4147.135 Mobile Safari/537.36"
::1 - - [31/Aug/2020:16:09:46 +0000] "OPTIONS /user/verifytoken HTTP/1.1" 200 8 "http://localhost:3002/" "Mozilla/5.0 (Windows NT 10.0; Win64; x64) AppleWebKit/537.36 (KHTML, like Gecko) Chrome/84.0.4147.135 Safari/537.36"
::1 - - [31/Aug/2020:16:09:46 +0000] "OPTIONS /user/verifytoken HTTP/1.1" 200 8 "http://localhost:3002/" "Mozilla/5.0 (Windows NT 10.0; Win64; x64) AppleWebKit/537.36 (KHTML, like Gecko) Chrome/84.0.4147.135 Safari/537.36"
::1 - - [31/Aug/2020:16:09:46 +0000] "GET /user/verifytoken HTTP/1.1" 401 36 "http://localhost:3002/" "Mozilla/5.0 (Linux; Android 6.0.1; Moto G (4)) AppleWebKit/537.36 (KHTML, like Gecko) Chrome/84.0.4147.135 Mobile Safari/537.36"
::1 - - [31/Aug/2020:16:09:46 +0000] "GET /user/verifytoken HTTP/1.1" 401 36 "http://localhost:3002/" "Mozilla/5.0 (Linux; Android 6.0.1; Moto G (4)) AppleWebKit/537.36 (KHTML, like Gecko) Chrome/84.0.4147.135 Mobile Safari/537.36"
::1 - - [31/Aug/2020:16:09:53 +0000] "OPTIONS /user/verifytoken HTTP/1.1" 200 8 "http://localhost:3002/request/verify" "Mozilla/5.0 (Windows NT 10.0; Win64; x64) AppleWebKit/537.36 (KHTML, like Gecko) Chrome/84.0.4147.135 Safari/537.36"
::1 - - [31/Aug/2020:16:09:53 +0000] "GET /user/verifytoken HTTP/1.1" 401 36 "http://localhost:3002/request/verify" "Mozilla/5.0 (Windows NT 10.0; Win64; x64) AppleWebKit/537.36 (KHTML, like Gecko) Chrome/84.0.4147.135 Safari/537.36"
::1 - - [31/Aug/2020:16:09:57 +0000] "OPTIONS /user/verifytoken HTTP/1.1" 200 8 "http://localhost:3002/404" "Mozilla/5.0 (Windows NT 10.0; Win64; x64) AppleWebKit/537.36 (KHTML, like Gecko) Chrome/84.0.4147.135 Safari/537.36"
::1 - - [31/Aug/2020:16:09:57 +0000] "GET /user/verifytoken HTTP/1.1" 401 36 "http://localhost:3002/404" "Mozilla/5.0 (Windows NT 10.0; Win64; x64) AppleWebKit/537.36 (KHTML, like Gecko) Chrome/84.0.4147.135 Safari/537.36"
::1 - - [31/Aug/2020:16:10:04 +0000] "OPTIONS /user/verifytoken HTTP/1.1" 200 8 "http://localhost:3002/request/verify" "Mozilla/5.0 (Windows NT 10.0; Win64; x64) AppleWebKit/537.36 (KHTML, like Gecko) Chrome/84.0.4147.135 Safari/537.36"
::1 - - [31/Aug/2020:16:10:04 +0000] "GET /user/verifytoken HTTP/1.1" 401 36 "http://localhost:3002/request/verify" "Mozilla/5.0 (Windows NT 10.0; Win64; x64) AppleWebKit/537.36 (KHTML, like Gecko) Chrome/84.0.4147.135 Safari/537.36"
::1 - - [31/Aug/2020:16:10:19 +0000] "OPTIONS /user/requestverifyemail HTTP/1.1" 200 4 "http://localhost:3002/request/verify" "Mozilla/5.0 (Windows NT 10.0; Win64; x64) AppleWebKit/537.36 (KHTML, like Gecko) Chrome/84.0.4147.135 Safari/537.36"
::1 - - [31/Aug/2020:16:10:21 +0000] "POST /user/requestverifyemail HTTP/1.1" 200 65 "http://localhost:3002/request/verify" "Mozilla/5.0 (Windows NT 10.0; Win64; x64) AppleWebKit/537.36 (KHTML, like Gecko) Chrome/84.0.4147.135 Safari/537.36"
::1 - - [31/Aug/2020:16:10:48 +0000] "OPTIONS /user/verifytoken HTTP/1.1" 200 8 "http://localhost:3002/" "Mozilla/5.0 (Windows NT 10.0; Win64; x64) AppleWebKit/537.36 (KHTML, like Gecko) Chrome/84.0.4147.135 Safari/537.36"
::1 - - [31/Aug/2020:16:10:48 +0000] "GET /user/verifytoken HTTP/1.1" 401 36 "http://localhost:3002/" "Mozilla/5.0 (Windows NT 10.0; Win64; x64) AppleWebKit/537.36 (KHTML, like Gecko) Chrome/84.0.4147.135 Safari/537.36"
::ffff:127.0.0.1 - - [31/Aug/2020:16:11:10 +0000] "OPTIONS /user/verifytoken HTTP/1.1" 200 8 "http://localhost:3002/" "Mozilla/5.0 (Windows NT 10.0; Win64; x64; rv:80.0) Gecko/20100101 Firefox/80.0"
::ffff:127.0.0.1 - - [31/Aug/2020:16:11:10 +0000] "GET /user/verifytoken HTTP/1.1" 401 36 "http://localhost:3002/" "Mozilla/5.0 (Windows NT 10.0; Win64; x64; rv:80.0) Gecko/20100101 Firefox/80.0"
::1 - - [31/Aug/2020:16:11:14 +0000] "OPTIONS /user/verifytoken HTTP/1.1" 200 8 "http://localhost:3002/" "Mozilla/5.0 (Windows NT 10.0; Win64; x64) AppleWebKit/537.36 (KHTML, like Gecko) Chrome/84.0.4147.135 Safari/537.36"
::1 - - [31/Aug/2020:16:11:14 +0000] "GET /user/verifytoken HTTP/1.1" 401 36 "http://localhost:3002/" "Mozilla/5.0 (Windows NT 10.0; Win64; x64) AppleWebKit/537.36 (KHTML, like Gecko) Chrome/84.0.4147.135 Safari/537.36"
::1 - - [31/Aug/2020:16:11:14 +0000] "OPTIONS /user/verifytoken HTTP/1.1" 200 8 "http://localhost:3002/" "Mozilla/5.0 (Windows NT 10.0; Win64; x64) AppleWebKit/537.36 (KHTML, like Gecko) Chrome/84.0.4147.135 Safari/537.36"
::1 - - [31/Aug/2020:16:11:15 +0000] "GET /user/verifytoken HTTP/1.1" 401 36 "http://localhost:3002/" "Mozilla/5.0 (Linux; Android 6.0.1; Moto G (4)) AppleWebKit/537.36 (KHTML, like Gecko) Chrome/84.0.4147.135 Mobile Safari/537.36"
::1 - - [31/Aug/2020:16:11:15 +0000] "OPTIONS /user/verifytoken HTTP/1.1" 200 8 "http://localhost:3002/" "Mozilla/5.0 (Windows NT 10.0; Win64; x64) AppleWebKit/537.36 (KHTML, like Gecko) Chrome/84.0.4147.135 Safari/537.36"
::1 - - [31/Aug/2020:16:11:15 +0000] "GET /user/verifytoken HTTP/1.1" 401 36 "http://localhost:3002/" "Mozilla/5.0 (Linux; Android 6.0.1; Moto G (4)) AppleWebKit/537.36 (KHTML, like Gecko) Chrome/84.0.4147.135 Mobile Safari/537.36"
::1 - - [31/Aug/2020:16:11:15 +0000] "OPTIONS /user/verifytoken HTTP/1.1" 200 8 "http://localhost:3002/" "Mozilla/5.0 (Windows NT 10.0; Win64; x64) AppleWebKit/537.36 (KHTML, like Gecko) Chrome/84.0.4147.135 Safari/537.36"
::1 - - [31/Aug/2020:16:11:15 +0000] "GET /user/verifytoken HTTP/1.1" 401 36 "http://localhost:3002/" "Mozilla/5.0 (Linux; Android 6.0.1; Moto G (4)) AppleWebKit/537.36 (KHTML, like Gecko) Chrome/84.0.4147.135 Mobile Safari/537.36"
::1 - - [31/Aug/2020:16:11:15 +0000] "OPTIONS /user/verifytoken HTTP/1.1" 200 8 "http://localhost:3002/request/verify" "Mozilla/5.0 (Windows NT 10.0; Win64; x64) AppleWebKit/537.36 (KHTML, like Gecko) Chrome/84.0.4147.135 Safari/537.36"
::1 - - [31/Aug/2020:16:11:16 +0000] "GET /user/verifytoken HTTP/1.1" 401 36 "http://localhost:3002/request/verify" "Mozilla/5.0 (Windows NT 10.0; Win64; x64) AppleWebKit/537.36 (KHTML, like Gecko) Chrome/84.0.4147.135 Safari/537.36"
::1 - - [31/Aug/2020:16:11:58 +0000] "OPTIONS /user/verifytoken HTTP/1.1" 200 8 "http://localhost:3002/verify/ea6c65228f76ac2cb89e9aa8bdeaea6a1dba49b941ab050849fcb1f6cd5cf45c" "Mozilla/5.0 (Windows NT 10.0; Win64; x64) AppleWebKit/537.36 (KHTML, like Gecko) Chrome/84.0.4147.135 Safari/537.36"
::1 - - [31/Aug/2020:16:11:58 +0000] "GET /user/verifytoken HTTP/1.1" 401 36 "http://localhost:3002/verify/ea6c65228f76ac2cb89e9aa8bdeaea6a1dba49b941ab050849fcb1f6cd5cf45c" "Mozilla/5.0 (Windows NT 10.0; Win64; x64) AppleWebKit/537.36 (KHTML, like Gecko) Chrome/84.0.4147.135 Safari/537.36"
::ffff:127.0.0.1 - - [31/Aug/2020:16:14:07 +0000] "OPTIONS /user/verifytoken HTTP/1.1" 200 8 "http://localhost:3002/" "Mozilla/5.0 (Windows NT 10.0; Win64; x64; rv:80.0) Gecko/20100101 Firefox/80.0"
::ffff:127.0.0.1 - - [31/Aug/2020:16:14:08 +0000] "GET /user/verifytoken HTTP/1.1" 401 36 "http://localhost:3002/" "Mozilla/5.0 (Windows NT 10.0; Win64; x64; rv:80.0) Gecko/20100101 Firefox/80.0"
::1 - - [31/Aug/2020:16:14:10 +0000] "OPTIONS /user/verifytoken HTTP/1.1" 200 8 "http://localhost:3002/verify/ea6c65228f76ac2cb89e9aa8bdeaea6a1dba49b941ab050849fcb1f6cd5cf45c" "Mozilla/5.0 (Windows NT 10.0; Win64; x64) AppleWebKit/537.36 (KHTML, like Gecko) Chrome/84.0.4147.135 Safari/537.36"
::1 - - [31/Aug/2020:16:14:10 +0000] "GET /user/verifytoken HTTP/1.1" 401 36 "http://localhost:3002/verify/ea6c65228f76ac2cb89e9aa8bdeaea6a1dba49b941ab050849fcb1f6cd5cf45c" "Mozilla/5.0 (Windows NT 10.0; Win64; x64) AppleWebKit/537.36 (KHTML, like Gecko) Chrome/84.0.4147.135 Safari/537.36"
::1 - - [31/Aug/2020:16:14:11 +0000] "OPTIONS /user/verifytoken HTTP/1.1" 200 8 "http://localhost:3002/" "Mozilla/5.0 (Windows NT 10.0; Win64; x64) AppleWebKit/537.36 (KHTML, like Gecko) Chrome/84.0.4147.135 Safari/537.36"
::1 - - [31/Aug/2020:16:14:11 +0000] "GET /user/verifytoken HTTP/1.1" 401 36 "http://localhost:3002/" "Mozilla/5.0 (Linux; Android 6.0.1; Moto G (4)) AppleWebKit/537.36 (KHTML, like Gecko) Chrome/84.0.4147.135 Mobile Safari/537.36"
::1 - - [31/Aug/2020:16:14:12 +0000] "GET /user/verifytoken HTTP/1.1" 401 36 "http://localhost:3002/" "Mozilla/5.0 (Windows NT 10.0; Win64; x64) AppleWebKit/537.36 (KHTML, like Gecko) Chrome/84.0.4147.135 Safari/537.36"
::1 - - [31/Aug/2020:16:14:13 +0000] "OPTIONS /user/verifytoken HTTP/1.1" 200 8 "http://localhost:3002/" "Mozilla/5.0 (Windows NT 10.0; Win64; x64) AppleWebKit/537.36 (KHTML, like Gecko) Chrome/84.0.4147.135 Safari/537.36"
::1 - - [31/Aug/2020:16:14:14 +0000] "GET /user/verifytoken HTTP/1.1" 401 36 "http://localhost:3002/" "Mozilla/5.0 (Linux; Android 6.0.1; Moto G (4)) AppleWebKit/537.36 (KHTML, like Gecko) Chrome/84.0.4147.135 Mobile Safari/537.36"
::1 - - [31/Aug/2020:16:14:14 +0000] "OPTIONS /user/verifytoken HTTP/1.1" 200 8 "http://localhost:3002/" "Mozilla/5.0 (Windows NT 10.0; Win64; x64) AppleWebKit/537.36 (KHTML, like Gecko) Chrome/84.0.4147.135 Safari/537.36"
::1 - - [31/Aug/2020:16:14:14 +0000] "GET /user/verifytoken HTTP/1.1" 401 36 "http://localhost:3002/" "Mozilla/5.0 (Linux; Android 6.0.1; Moto G (4)) AppleWebKit/537.36 (KHTML, like Gecko) Chrome/84.0.4147.135 Mobile Safari/537.36"
::1 - - [31/Aug/2020:16:14:15 +0000] "OPTIONS /user/verifytoken HTTP/1.1" 200 8 "http://localhost:3002/request/verify" "Mozilla/5.0 (Windows NT 10.0; Win64; x64) AppleWebKit/537.36 (KHTML, like Gecko) Chrome/84.0.4147.135 Safari/537.36"
::1 - - [31/Aug/2020:16:14:15 +0000] "GET /user/verifytoken HTTP/1.1" 401 36 "http://localhost:3002/request/verify" "Mozilla/5.0 (Windows NT 10.0; Win64; x64) AppleWebKit/537.36 (KHTML, like Gecko) Chrome/84.0.4147.135 Safari/537.36"
::1 - - [31/Aug/2020:16:14:32 +0000] "OPTIONS /user/verifyemail HTTP/1.1" 200 4 "http://localhost:3002/verify/ea6c65228f76ac2cb89e9aa8bdeaea6a1dba49b941ab050849fcb1f6cd5cf45c" "Mozilla/5.0 (Windows NT 10.0; Win64; x64) AppleWebKit/537.36 (KHTML, like Gecko) Chrome/84.0.4147.135 Safari/537.36"
::1 - - [31/Aug/2020:16:14:33 +0000] "POST /user/verifyemail HTTP/1.1" 401 64 "http://localhost:3002/verify/ea6c65228f76ac2cb89e9aa8bdeaea6a1dba49b941ab050849fcb1f6cd5cf45c" "Mozilla/5.0 (Windows NT 10.0; Win64; x64) AppleWebKit/537.36 (KHTML, like Gecko) Chrome/84.0.4147.135 Safari/537.36"
::1 - - [31/Aug/2020:16:15:00 +0000] "OPTIONS /user/verifyemail HTTP/1.1" 200 4 "http://localhost:3002/verify/ea6c65228f76ac2cb89e9aa8bdeaea6a1dba49b941ab050849fcb1f6cd5cf45c" "Mozilla/5.0 (Windows NT 10.0; Win64; x64) AppleWebKit/537.36 (KHTML, like Gecko) Chrome/84.0.4147.135 Safari/537.36"
::1 - - [31/Aug/2020:16:15:01 +0000] "POST /user/verifyemail HTTP/1.1" 401 64 "http://localhost:3002/verify/ea6c65228f76ac2cb89e9aa8bdeaea6a1dba49b941ab050849fcb1f6cd5cf45c" "Mozilla/5.0 (Windows NT 10.0; Win64; x64) AppleWebKit/537.36 (KHTML, like Gecko) Chrome/84.0.4147.135 Safari/537.36"
::1 - - [31/Aug/2020:16:15:11 +0000] "OPTIONS /user/verifyemail HTTP/1.1" 200 4 "http://localhost:3002/verify/ea6c65228f76ac2cb89e9aa8bdeaea6a1dba49b941ab050849fcb1f6cd5cf45c" "Mozilla/5.0 (Windows NT 10.0; Win64; x64) AppleWebKit/537.36 (KHTML, like Gecko) Chrome/84.0.4147.135 Safari/537.36"
::1 - - [31/Aug/2020:16:15:12 +0000] "POST /user/verifyemail HTTP/1.1" 401 64 "http://localhost:3002/verify/ea6c65228f76ac2cb89e9aa8bdeaea6a1dba49b941ab050849fcb1f6cd5cf45c" "Mozilla/5.0 (Windows NT 10.0; Win64; x64) AppleWebKit/537.36 (KHTML, like Gecko) Chrome/84.0.4147.135 Safari/537.36"
::1 - - [31/Aug/2020:16:15:31 +0000] "OPTIONS /user/verifyemail HTTP/1.1" 200 4 "http://localhost:3002/verify/ea6c65228f76ac2cb89e9aa8bdeaea6a1dba49b941ab050849fcb1f6cd5cf45c" "Mozilla/5.0 (Windows NT 10.0; Win64; x64) AppleWebKit/537.36 (KHTML, like Gecko) Chrome/84.0.4147.135 Safari/537.36"
::1 - - [31/Aug/2020:16:15:32 +0000] "POST /user/verifyemail HTTP/1.1" 401 261 "http://localhost:3002/verify/ea6c65228f76ac2cb89e9aa8bdeaea6a1dba49b941ab050849fcb1f6cd5cf45c" "Mozilla/5.0 (Windows NT 10.0; Win64; x64) AppleWebKit/537.36 (KHTML, like Gecko) Chrome/84.0.4147.135 Safari/537.36"
::1 - - [31/Aug/2020:16:15:37 +0000] "OPTIONS /user/verifytoken HTTP/1.1" 200 8 "http://localhost:3002/" "Mozilla/5.0 (Windows NT 10.0; Win64; x64) AppleWebKit/537.36 (KHTML, like Gecko) Chrome/84.0.4147.135 Safari/537.36"
::1 - - [31/Aug/2020:16:15:37 +0000] "GET /user/verifytoken HTTP/1.1" 200 19 "http://localhost:3002/" "Mozilla/5.0 (Windows NT 10.0; Win64; x64) AppleWebKit/537.36 (KHTML, like Gecko) Chrome/84.0.4147.135 Safari/537.36"
::1 - - [31/Aug/2020:16:15:53 +0000] "OPTIONS /user/verifytoken HTTP/1.1" 200 8 "http://localhost:3002/verify/ea6c65228f76ac2cb89e9aa8bdeaea6a1dba49b941ab050849fcb1f6cd5cf45c" "Mozilla/5.0 (Windows NT 10.0; Win64; x64) AppleWebKit/537.36 (KHTML, like Gecko) Chrome/84.0.4147.135 Safari/537.36"
::1 - - [31/Aug/2020:16:15:53 +0000] "GET /user/verifytoken HTTP/1.1" 304 - "http://localhost:3002/verify/ea6c65228f76ac2cb89e9aa8bdeaea6a1dba49b941ab050849fcb1f6cd5cf45c" "Mozilla/5.0 (Windows NT 10.0; Win64; x64) AppleWebKit/537.36 (KHTML, like Gecko) Chrome/84.0.4147.135 Safari/537.36"
::1 - - [31/Aug/2020:16:37:53 +0000] "OPTIONS /user/verifytoken HTTP/1.1" 200 8 "http://localhost:3002/" "Mozilla/5.0 (Windows NT 10.0; Win64; x64; rv:80.0) Gecko/20100101 Firefox/80.0"
::1 - - [31/Aug/2020:16:37:54 +0000] "GET /user/verifytoken HTTP/1.1" 401 36 "http://localhost:3002/" "Mozilla/5.0 (Windows NT 10.0; Win64; x64; rv:80.0) Gecko/20100101 Firefox/80.0"
::1 - - [31/Aug/2020:16:38:00 +0000] "OPTIONS /user/verifytoken HTTP/1.1" 200 8 "http://localhost:3002/verify/ea6c65228f76ac2cb89e9aa8bdeaea6a1dba49b941ab050849fcb1f6cd5cf45c" "Mozilla/5.0 (Windows NT 10.0; Win64; x64) AppleWebKit/537.36 (KHTML, like Gecko) Chrome/84.0.4147.135 Safari/537.36"
::1 - - [31/Aug/2020:16:38:01 +0000] "GET /user/verifytoken HTTP/1.1" 401 36 "http://localhost:3002/verify/ea6c65228f76ac2cb89e9aa8bdeaea6a1dba49b941ab050849fcb1f6cd5cf45c" "Mozilla/5.0 (Windows NT 10.0; Win64; x64) AppleWebKit/537.36 (KHTML, like Gecko) Chrome/84.0.4147.135 Safari/537.36"
::1 - - [31/Aug/2020:16:38:02 +0000] "OPTIONS /user/verifytoken HTTP/1.1" 200 8 "http://localhost:3002/" "Mozilla/5.0 (Windows NT 10.0; Win64; x64) AppleWebKit/537.36 (KHTML, like Gecko) Chrome/84.0.4147.135 Safari/537.36"
::1 - - [31/Aug/2020:16:38:02 +0000] "GET /user/verifytoken HTTP/1.1" 401 36 "http://localhost:3002/" "Mozilla/5.0 (Windows NT 10.0; Win64; x64) AppleWebKit/537.36 (KHTML, like Gecko) Chrome/84.0.4147.135 Safari/537.36"
::1 - - [31/Aug/2020:16:38:02 +0000] "OPTIONS /user/verifytoken HTTP/1.1" 200 8 "http://localhost:3002/" "Mozilla/5.0 (Windows NT 10.0; Win64; x64) AppleWebKit/537.36 (KHTML, like Gecko) Chrome/84.0.4147.135 Safari/537.36"
::1 - - [31/Aug/2020:16:38:02 +0000] "GET /user/verifytoken HTTP/1.1" 200 19 "http://localhost:3002/" "Mozilla/5.0 (Linux; Android 6.0.1; Moto G (4)) AppleWebKit/537.36 (KHTML, like Gecko) Chrome/84.0.4147.135 Mobile Safari/537.36"
::1 - - [31/Aug/2020:16:38:02 +0000] "OPTIONS /user/verifytoken HTTP/1.1" 200 8 "http://localhost:3002/" "Mozilla/5.0 (Windows NT 10.0; Win64; x64) AppleWebKit/537.36 (KHTML, like Gecko) Chrome/84.0.4147.135 Safari/537.36"
::1 - - [31/Aug/2020:16:38:02 +0000] "GET /user/verifytoken HTTP/1.1" 304 - "http://localhost:3002/" "Mozilla/5.0 (Windows NT 10.0; Win64; x64) AppleWebKit/537.36 (KHTML, like Gecko) Chrome/84.0.4147.135 Safari/537.36"
::1 - - [31/Aug/2020:16:38:02 +0000] "GET /user/verifytoken HTTP/1.1" 200 19 "http://localhost:3002/" "Mozilla/5.0 (Linux; Android 6.0.1; Moto G (4)) AppleWebKit/537.36 (KHTML, like Gecko) Chrome/84.0.4147.135 Mobile Safari/537.36"
::1 - - [31/Aug/2020:16:38:03 +0000] "OPTIONS /user/verifytoken HTTP/1.1" 200 8 "http://localhost:3002/" "Mozilla/5.0 (Windows NT 10.0; Win64; x64) AppleWebKit/537.36 (KHTML, like Gecko) Chrome/84.0.4147.135 Safari/537.36"
::1 - - [31/Aug/2020:16:38:03 +0000] "GET /user/verifytoken HTTP/1.1" 200 19 "http://localhost:3002/" "Mozilla/5.0 (Linux; Android 6.0.1; Moto G (4)) AppleWebKit/537.36 (KHTML, like Gecko) Chrome/84.0.4147.135 Mobile Safari/537.36"
::1 - - [31/Aug/2020:16:38:03 +0000] "OPTIONS /user/verifytoken HTTP/1.1" 200 8 "http://localhost:3002/request/verify" "Mozilla/5.0 (Windows NT 10.0; Win64; x64) AppleWebKit/537.36 (KHTML, like Gecko) Chrome/84.0.4147.135 Safari/537.36"
::1 - - [31/Aug/2020:16:38:03 +0000] "GET /user/verifytoken HTTP/1.1" 401 36 "http://localhost:3002/request/verify" "Mozilla/5.0 (Windows NT 10.0; Win64; x64) AppleWebKit/537.36 (KHTML, like Gecko) Chrome/84.0.4147.135 Safari/537.36"
::1 - - [31/Aug/2020:16:38:29 +0000] "OPTIONS /user/verifyemail HTTP/1.1" 200 4 "http://localhost:3002/verify/ea6c65228f76ac2cb89e9aa8bdeaea6a1dba49b941ab050849fcb1f6cd5cf45c" "Mozilla/5.0 (Windows NT 10.0; Win64; x64) AppleWebKit/537.36 (KHTML, like Gecko) Chrome/84.0.4147.135 Safari/537.36"
::1 - - [31/Aug/2020:16:38:29 +0000] "POST /user/verifyemail HTTP/1.1" 409 50 "http://localhost:3002/verify/ea6c65228f76ac2cb89e9aa8bdeaea6a1dba49b941ab050849fcb1f6cd5cf45c" "Mozilla/5.0 (Windows NT 10.0; Win64; x64) AppleWebKit/537.36 (KHTML, like Gecko) Chrome/84.0.4147.135 Safari/537.36"
::1 - - [31/Aug/2020:16:39:03 +0000] "OPTIONS /user/verifyemail HTTP/1.1" 200 4 "http://localhost:3002/verify/ea6c65228f76ac2cb89e9aa8bdeaea6a1dba49b941ab050849fcb1f6cd5cf45c" "Mozilla/5.0 (Windows NT 10.0; Win64; x64) AppleWebKit/537.36 (KHTML, like Gecko) Chrome/84.0.4147.135 Safari/537.36"
::1 - - [31/Aug/2020:16:39:04 +0000] "POST /user/verifyemail HTTP/1.1" 409 77 "http://localhost:3002/verify/ea6c65228f76ac2cb89e9aa8bdeaea6a1dba49b941ab050849fcb1f6cd5cf45c" "Mozilla/5.0 (Windows NT 10.0; Win64; x64) AppleWebKit/537.36 (KHTML, like Gecko) Chrome/84.0.4147.135 Safari/537.36"
::1 - - [31/Aug/2020:16:39:19 +0000] "OPTIONS /user/login HTTP/1.1" 200 4 "http://localhost:3002/login" "Mozilla/5.0 (Windows NT 10.0; Win64; x64) AppleWebKit/537.36 (KHTML, like Gecko) Chrome/84.0.4147.135 Safari/537.36"
::1 - - [31/Aug/2020:16:39:20 +0000] "POST /user/login HTTP/1.1" 200 235 "http://localhost:3002/login" "Mozilla/5.0 (Windows NT 10.0; Win64; x64) AppleWebKit/537.36 (KHTML, like Gecko) Chrome/84.0.4147.135 Safari/537.36"
::1 - - [31/Aug/2020:16:41:35 +0000] "OPTIONS /user/verifytoken HTTP/1.1" 200 8 "http://localhost:3002/" "Mozilla/5.0 (Windows NT 10.0; Win64; x64; rv:80.0) Gecko/20100101 Firefox/80.0"
::1 - - [31/Aug/2020:16:41:36 +0000] "GET /user/verifytoken HTTP/1.1" 401 36 "http://localhost:3002/" "Mozilla/5.0 (Windows NT 10.0; Win64; x64; rv:80.0) Gecko/20100101 Firefox/80.0"
::1 - - [31/Aug/2020:16:41:39 +0000] "OPTIONS /user/verifytoken HTTP/1.1" 200 8 "http://localhost:3002/" "Mozilla/5.0 (Windows NT 10.0; Win64; x64) AppleWebKit/537.36 (KHTML, like Gecko) Chrome/84.0.4147.135 Safari/537.36"
::1 - - [31/Aug/2020:16:41:39 +0000] "GET /user/verifytoken HTTP/1.1" 200 19 "http://localhost:3002/" "Mozilla/5.0 (Windows NT 10.0; Win64; x64) AppleWebKit/537.36 (KHTML, like Gecko) Chrome/84.0.4147.135 Safari/537.36"
::1 - - [31/Aug/2020:16:41:39 +0000] "OPTIONS /user/verifytoken HTTP/1.1" 200 8 "http://localhost:3002/request/verify" "Mozilla/5.0 (Windows NT 10.0; Win64; x64) AppleWebKit/537.36 (KHTML, like Gecko) Chrome/84.0.4147.135 Safari/537.36"
::1 - - [31/Aug/2020:16:41:39 +0000] "GET /user/verifytoken HTTP/1.1" 200 19 "http://localhost:3002/request/verify" "Mozilla/5.0 (Windows NT 10.0; Win64; x64) AppleWebKit/537.36 (KHTML, like Gecko) Chrome/84.0.4147.135 Safari/537.36"
::1 - - [31/Aug/2020:16:42:10 +0000] "OPTIONS /user/verifytoken HTTP/1.1" 200 8 "http://localhost:3002/request/verify" "Mozilla/5.0 (Windows NT 10.0; Win64; x64) AppleWebKit/537.36 (KHTML, like Gecko) Chrome/84.0.4147.135 Safari/537.36"
::1 - - [31/Aug/2020:16:42:10 +0000] "GET /user/verifytoken HTTP/1.1" 200 19 "http://localhost:3002/request/verify" "Mozilla/5.0 (Windows NT 10.0; Win64; x64) AppleWebKit/537.36 (KHTML, like Gecko) Chrome/84.0.4147.135 Safari/537.36"
::ffff:127.0.0.1 - - [31/Aug/2020:16:42:50 +0000] "OPTIONS /user/verifytoken HTTP/1.1" 200 8 "http://localhost:3002/" "Mozilla/5.0 (Windows NT 10.0; Win64; x64; rv:80.0) Gecko/20100101 Firefox/80.0"
::1 - - [31/Aug/2020:16:42:50 +0000] "OPTIONS /user/verifytoken HTTP/1.1" 200 8 "http://localhost:3002/request/verify" "Mozilla/5.0 (Windows NT 10.0; Win64; x64) AppleWebKit/537.36 (KHTML, like Gecko) Chrome/84.0.4147.135 Safari/537.36"
::ffff:127.0.0.1 - - [31/Aug/2020:16:42:50 +0000] "GET /user/verifytoken HTTP/1.1" 401 36 "http://localhost:3002/" "Mozilla/5.0 (Windows NT 10.0; Win64; x64; rv:80.0) Gecko/20100101 Firefox/80.0"
::1 - - [31/Aug/2020:16:42:50 +0000] "GET /user/verifytoken HTTP/1.1" 200 19 "http://localhost:3002/request/verify" "Mozilla/5.0 (Windows NT 10.0; Win64; x64) AppleWebKit/537.36 (KHTML, like Gecko) Chrome/84.0.4147.135 Safari/537.36"
::1 - - [31/Aug/2020:16:42:52 +0000] "OPTIONS /user/verifytoken HTTP/1.1" 200 8 "http://localhost:3002/request/verify" "Mozilla/5.0 (Windows NT 10.0; Win64; x64) AppleWebKit/537.36 (KHTML, like Gecko) Chrome/84.0.4147.135 Safari/537.36"
::1 - - [31/Aug/2020:16:42:53 +0000] "GET /user/verifytoken HTTP/1.1" 200 19 "http://localhost:3002/request/verify" "Mozilla/5.0 (Windows NT 10.0; Win64; x64) AppleWebKit/537.36 (KHTML, like Gecko) Chrome/84.0.4147.135 Safari/537.36"
::ffff:127.0.0.1 - - [31/Aug/2020:16:43:29 +0000] "OPTIONS /user/verifytoken HTTP/1.1" 200 8 "http://localhost:3002/" "Mozilla/5.0 (Windows NT 10.0; Win64; x64; rv:80.0) Gecko/20100101 Firefox/80.0"
::ffff:127.0.0.1 - - [31/Aug/2020:16:43:30 +0000] "GET /user/verifytoken HTTP/1.1" 401 36 "http://localhost:3002/" "Mozilla/5.0 (Windows NT 10.0; Win64; x64; rv:80.0) Gecko/20100101 Firefox/80.0"
::1 - - [31/Aug/2020:16:43:30 +0000] "OPTIONS /user/verifytoken HTTP/1.1" 200 8 "http://localhost:3002/" "Mozilla/5.0 (Windows NT 10.0; Win64; x64) AppleWebKit/537.36 (KHTML, like Gecko) Chrome/84.0.4147.135 Safari/537.36"
::1 - - [31/Aug/2020:16:43:31 +0000] "GET /user/verifytoken HTTP/1.1" 200 19 "http://localhost:3002/" "Mozilla/5.0 (Windows NT 10.0; Win64; x64) AppleWebKit/537.36 (KHTML, like Gecko) Chrome/84.0.4147.135 Safari/537.36"
::1 - - [31/Aug/2020:16:43:34 +0000] "OPTIONS /user/verifytoken HTTP/1.1" 200 8 "http://localhost:3002/" "Mozilla/5.0 (Windows NT 10.0; Win64; x64) AppleWebKit/537.36 (KHTML, like Gecko) Chrome/84.0.4147.135 Safari/537.36"
::1 - - [31/Aug/2020:16:43:34 +0000] "GET /user/verifytoken HTTP/1.1" 200 19 "http://localhost:3002/" "Mozilla/5.0 (Windows NT 10.0; Win64; x64) AppleWebKit/537.36 (KHTML, like Gecko) Chrome/84.0.4147.135 Safari/537.36"
::1 - - [31/Aug/2020:16:44:22 +0000] "OPTIONS /user/verifytoken HTTP/1.1" 200 8 "http://localhost:3002/" "Mozilla/5.0 (Windows NT 10.0; Win64; x64; rv:80.0) Gecko/20100101 Firefox/80.0"
::1 - - [31/Aug/2020:16:44:23 +0000] "GET /user/verifytoken HTTP/1.1" 401 36 "http://localhost:3002/" "Mozilla/5.0 (Windows NT 10.0; Win64; x64; rv:80.0) Gecko/20100101 Firefox/80.0"
::1 - - [31/Aug/2020:16:44:23 +0000] "OPTIONS /user/verifytoken HTTP/1.1" 200 8 "http://localhost:3002/" "Mozilla/5.0 (Windows NT 10.0; Win64; x64) AppleWebKit/537.36 (KHTML, like Gecko) Chrome/84.0.4147.135 Safari/537.36"
::1 - - [31/Aug/2020:16:44:23 +0000] "GET /user/verifytoken HTTP/1.1" 200 19 "http://localhost:3002/" "Mozilla/5.0 (Windows NT 10.0; Win64; x64) AppleWebKit/537.36 (KHTML, like Gecko) Chrome/84.0.4147.135 Safari/537.36"
::1 - - [31/Aug/2020:16:44:24 +0000] "OPTIONS /user/verifytoken HTTP/1.1" 200 8 "http://localhost:3002/" "Mozilla/5.0 (Windows NT 10.0; Win64; x64) AppleWebKit/537.36 (KHTML, like Gecko) Chrome/84.0.4147.135 Safari/537.36"
::1 - - [31/Aug/2020:16:44:24 +0000] "GET /user/verifytoken HTTP/1.1" 200 19 "http://localhost:3002/" "Mozilla/5.0 (Windows NT 10.0; Win64; x64) AppleWebKit/537.36 (KHTML, like Gecko) Chrome/84.0.4147.135 Safari/537.36"
::1 - - [31/Aug/2020:16:45:12 +0000] "OPTIONS /user/verifytoken HTTP/1.1" 200 8 "http://localhost:3002/verify/2b862e46f775004317cbe395bbca212ce8c1be8554579f02a6516b552a5b986a" "Mozilla/5.0 (Windows NT 10.0; Win64; x64) AppleWebKit/537.36 (KHTML, like Gecko) Chrome/84.0.4147.135 Safari/537.36"
::1 - - [31/Aug/2020:16:45:13 +0000] "GET /user/verifytoken HTTP/1.1" 401 36 "http://localhost:3002/verify/2b862e46f775004317cbe395bbca212ce8c1be8554579f02a6516b552a5b986a" "Mozilla/5.0 (Windows NT 10.0; Win64; x64) AppleWebKit/537.36 (KHTML, like Gecko) Chrome/84.0.4147.135 Safari/537.36"
::1 - - [31/Aug/2020:16:45:38 +0000] "OPTIONS /user/verifyemail HTTP/1.1" 200 4 "http://localhost:3002/verify/2b862e46f775004317cbe395bbca212ce8c1be8554579f02a6516b552a5b986a" "Mozilla/5.0 (Windows NT 10.0; Win64; x64) AppleWebKit/537.36 (KHTML, like Gecko) Chrome/84.0.4147.135 Safari/537.36"
::1 - - [31/Aug/2020:16:45:39 +0000] "POST /user/verifyemail HTTP/1.1" 409 77 "http://localhost:3002/verify/2b862e46f775004317cbe395bbca212ce8c1be8554579f02a6516b552a5b986a" "Mozilla/5.0 (Windows NT 10.0; Win64; x64) AppleWebKit/537.36 (KHTML, like Gecko) Chrome/84.0.4147.135 Safari/537.36"
::1 - - [31/Aug/2020:16:47:09 +0000] "OPTIONS /user/verifytoken HTTP/1.1" 200 8 "http://localhost:3002/verifysf2a5b986a" "Mozilla/5.0 (Windows NT 10.0; Win64; x64) AppleWebKit/537.36 (KHTML, like Gecko) Chrome/84.0.4147.135 Safari/537.36"
::1 - - [31/Aug/2020:16:47:09 +0000] "GET /user/verifytoken HTTP/1.1" 401 36 "http://localhost:3002/verifysf2a5b986a" "Mozilla/5.0 (Windows NT 10.0; Win64; x64) AppleWebKit/537.36 (KHTML, like Gecko) Chrome/84.0.4147.135 Safari/537.36"
::1 - - [31/Aug/2020:16:50:16 +0000] "OPTIONS /user/verifytoken HTTP/1.1" 200 8 "http://localhost:3002/" "Mozilla/5.0 (Windows NT 10.0; Win64; x64; rv:80.0) Gecko/20100101 Firefox/80.0"
::1 - - [31/Aug/2020:16:50:18 +0000] "GET /user/verifytoken HTTP/1.1" 401 36 "http://localhost:3002/" "Mozilla/5.0 (Windows NT 10.0; Win64; x64; rv:80.0) Gecko/20100101 Firefox/80.0"
::1 - - [31/Aug/2020:16:50:18 +0000] "OPTIONS /user/verifytoken HTTP/1.1" 200 8 "http://localhost:3002/login" "Mozilla/5.0 (Windows NT 10.0; Win64; x64) AppleWebKit/537.36 (KHTML, like Gecko) Chrome/84.0.4147.135 Safari/537.36"
::1 - - [31/Aug/2020:16:50:19 +0000] "GET /user/verifytoken HTTP/1.1" 401 36 "http://localhost:3002/login" "Mozilla/5.0 (Windows NT 10.0; Win64; x64) AppleWebKit/537.36 (KHTML, like Gecko) Chrome/84.0.4147.135 Safari/537.36"
::1 - - [31/Aug/2020:16:50:20 +0000] "OPTIONS /user/verifytoken HTTP/1.1" 200 8 "http://localhost:3002/login" "Mozilla/5.0 (Windows NT 10.0; Win64; x64) AppleWebKit/537.36 (KHTML, like Gecko) Chrome/84.0.4147.135 Safari/537.36"
::1 - - [31/Aug/2020:16:50:21 +0000] "GET /user/verifytoken HTTP/1.1" 401 36 "http://localhost:3002/login" "Mozilla/5.0 (Windows NT 10.0; Win64; x64) AppleWebKit/537.36 (KHTML, like Gecko) Chrome/84.0.4147.135 Safari/537.36"
::ffff:127.0.0.1 - - [31/Aug/2020:16:55:10 +0000] "OPTIONS /user/verifytoken HTTP/1.1" 200 8 "http://localhost:3002/" "Mozilla/5.0 (Windows NT 10.0; Win64; x64; rv:80.0) Gecko/20100101 Firefox/80.0"
::ffff:127.0.0.1 - - [31/Aug/2020:16:55:11 +0000] "GET /user/verifytoken HTTP/1.1" 401 36 "http://localhost:3002/" "Mozilla/5.0 (Windows NT 10.0; Win64; x64; rv:80.0) Gecko/20100101 Firefox/80.0"
::1 - - [31/Aug/2020:16:55:12 +0000] "OPTIONS /user/verifytoken HTTP/1.1" 200 8 "http://localhost:3002/login" "Mozilla/5.0 (Windows NT 10.0; Win64; x64) AppleWebKit/537.36 (KHTML, like Gecko) Chrome/84.0.4147.135 Safari/537.36"
::1 - - [31/Aug/2020:16:55:12 +0000] "GET /user/verifytoken HTTP/1.1" 401 36 "http://localhost:3002/login" "Mozilla/5.0 (Windows NT 10.0; Win64; x64) AppleWebKit/537.36 (KHTML, like Gecko) Chrome/84.0.4147.135 Safari/537.36"
::1 - - [31/Aug/2020:16:55:15 +0000] "OPTIONS /user/verifytoken HTTP/1.1" 200 8 "http://localhost:3002/login" "Mozilla/5.0 (Windows NT 10.0; Win64; x64) AppleWebKit/537.36 (KHTML, like Gecko) Chrome/84.0.4147.135 Safari/537.36"
::1 - - [31/Aug/2020:16:55:16 +0000] "GET /user/verifytoken HTTP/1.1" 401 36 "http://localhost:3002/login" "Mozilla/5.0 (Windows NT 10.0; Win64; x64) AppleWebKit/537.36 (KHTML, like Gecko) Chrome/84.0.4147.135 Safari/537.36"
::1 - - [31/Aug/2020:16:55:28 +0000] "OPTIONS /user/verifytoken HTTP/1.1" 200 8 "http://localhost:3002/request/reset" "Mozilla/5.0 (Windows NT 10.0; Win64; x64) AppleWebKit/537.36 (KHTML, like Gecko) Chrome/84.0.4147.135 Safari/537.36"
::1 - - [31/Aug/2020:16:55:28 +0000] "GET /user/verifytoken HTTP/1.1" 401 36 "http://localhost:3002/request/reset" "Mozilla/5.0 (Windows NT 10.0; Win64; x64) AppleWebKit/537.36 (KHTML, like Gecko) Chrome/84.0.4147.135 Safari/537.36"
::1 - - [31/Aug/2020:16:55:39 +0000] "OPTIONS /user/forgotpassword HTTP/1.1" 200 4 "http://localhost:3002/request/reset" "Mozilla/5.0 (Windows NT 10.0; Win64; x64) AppleWebKit/537.36 (KHTML, like Gecko) Chrome/84.0.4147.135 Safari/537.36"
::1 - - [31/Aug/2020:16:55:41 +0000] "POST /user/forgotpassword HTTP/1.1" 200 66 "http://localhost:3002/request/reset" "Mozilla/5.0 (Windows NT 10.0; Win64; x64) AppleWebKit/537.36 (KHTML, like Gecko) Chrome/84.0.4147.135 Safari/537.36"
::1 - - [31/Aug/2020:16:56:08 +0000] "OPTIONS /user/verifytoken HTTP/1.1" 200 8 "http://localhost:3002/reset/309711edc0af7fd38624f628ffe2b78aaa089b8fc4df7df2e277a6e992b9780a" "Mozilla/5.0 (Windows NT 10.0; Win64; x64) AppleWebKit/537.36 (KHTML, like Gecko) Chrome/84.0.4147.135 Safari/537.36"
::1 - - [31/Aug/2020:16:56:09 +0000] "GET /user/verifytoken HTTP/1.1" 401 36 "http://localhost:3002/reset/309711edc0af7fd38624f628ffe2b78aaa089b8fc4df7df2e277a6e992b9780a" "Mozilla/5.0 (Windows NT 10.0; Win64; x64) AppleWebKit/537.36 (KHTML, like Gecko) Chrome/84.0.4147.135 Safari/537.36"
::1 - - [31/Aug/2020:16:56:59 +0000] "OPTIONS /user/verifytoken HTTP/1.1" 200 8 "http://localhost:3002/" "Mozilla/5.0 (Windows NT 10.0; Win64; x64; rv:80.0) Gecko/20100101 Firefox/80.0"
::1 - - [31/Aug/2020:16:57:00 +0000] "GET /user/verifytoken HTTP/1.1" 401 36 "http://localhost:3002/" "Mozilla/5.0 (Windows NT 10.0; Win64; x64; rv:80.0) Gecko/20100101 Firefox/80.0"
::1 - - [31/Aug/2020:16:57:04 +0000] "OPTIONS /user/verifytoken HTTP/1.1" 200 8 "http://localhost:3002/reset/309711edc0af7fd38624f628ffe2b78aaa089b8fc4df7df2e277a6e992b9780a" "Mozilla/5.0 (Windows NT 10.0; Win64; x64) AppleWebKit/537.36 (KHTML, like Gecko) Chrome/84.0.4147.135 Safari/537.36"
::1 - - [31/Aug/2020:16:57:04 +0000] "GET /user/verifytoken HTTP/1.1" 401 36 "http://localhost:3002/reset/309711edc0af7fd38624f628ffe2b78aaa089b8fc4df7df2e277a6e992b9780a" "Mozilla/5.0 (Windows NT 10.0; Win64; x64) AppleWebKit/537.36 (KHTML, like Gecko) Chrome/84.0.4147.135 Safari/537.36"
::1 - - [31/Aug/2020:16:57:04 +0000] "OPTIONS /user/verifytoken HTTP/1.1" 200 8 "http://localhost:3002/request/reset" "Mozilla/5.0 (Windows NT 10.0; Win64; x64) AppleWebKit/537.36 (KHTML, like Gecko) Chrome/84.0.4147.135 Safari/537.36"
::1 - - [31/Aug/2020:16:57:05 +0000] "GET /user/verifytoken HTTP/1.1" 401 36 "http://localhost:3002/request/reset" "Mozilla/5.0 (Windows NT 10.0; Win64; x64) AppleWebKit/537.36 (KHTML, like Gecko) Chrome/84.0.4147.135 Safari/537.36"
::1 - - [31/Aug/2020:16:57:05 +0000] "OPTIONS /user/verifytoken HTTP/1.1" 200 8 "http://localhost:3002/login" "Mozilla/5.0 (Windows NT 10.0; Win64; x64) AppleWebKit/537.36 (KHTML, like Gecko) Chrome/84.0.4147.135 Safari/537.36"
::1 - - [31/Aug/2020:16:57:05 +0000] "GET /user/verifytoken HTTP/1.1" 401 36 "http://localhost:3002/login" "Mozilla/5.0 (Windows NT 10.0; Win64; x64) AppleWebKit/537.36 (KHTML, like Gecko) Chrome/84.0.4147.135 Safari/537.36"
::1 - - [31/Aug/2020:16:57:54 +0000] "OPTIONS /user/verifytoken HTTP/1.1" 200 8 "http://localhost:3002/reset/309711edc0af7fd38624f628ffe2b78aaa089b8fc4df7df2e277a6e992b9780a" "Mozilla/5.0 (Windows NT 10.0; Win64; x64) AppleWebKit/537.36 (KHTML, like Gecko) Chrome/84.0.4147.135 Safari/537.36"
::ffff:127.0.0.1 - - [31/Aug/2020:16:57:54 +0000] "OPTIONS /user/verifytoken HTTP/1.1" 200 8 "http://localhost:3002/" "Mozilla/5.0 (Windows NT 10.0; Win64; x64; rv:80.0) Gecko/20100101 Firefox/80.0"
::ffff:127.0.0.1 - - [31/Aug/2020:16:57:55 +0000] "GET /user/verifytoken HTTP/1.1" 401 36 "http://localhost:3002/" "Mozilla/5.0 (Windows NT 10.0; Win64; x64; rv:80.0) Gecko/20100101 Firefox/80.0"
::1 - - [31/Aug/2020:16:57:56 +0000] "GET /user/verifytoken HTTP/1.1" 401 36 "http://localhost:3002/reset/309711edc0af7fd38624f628ffe2b78aaa089b8fc4df7df2e277a6e992b9780a" "Mozilla/5.0 (Windows NT 10.0; Win64; x64) AppleWebKit/537.36 (KHTML, like Gecko) Chrome/84.0.4147.135 Safari/537.36"
::1 - - [31/Aug/2020:16:57:58 +0000] "OPTIONS /user/verifytoken HTTP/1.1" 200 8 "http://localhost:3002/login" "Mozilla/5.0 (Windows NT 10.0; Win64; x64) AppleWebKit/537.36 (KHTML, like Gecko) Chrome/84.0.4147.135 Safari/537.36"
::1 - - [31/Aug/2020:16:57:58 +0000] "GET /user/verifytoken HTTP/1.1" 401 36 "http://localhost:3002/login" "Mozilla/5.0 (Windows NT 10.0; Win64; x64) AppleWebKit/537.36 (KHTML, like Gecko) Chrome/84.0.4147.135 Safari/537.36"
::1 - - [31/Aug/2020:16:57:58 +0000] "OPTIONS /user/verifytoken HTTP/1.1" 200 8 "http://localhost:3002/request/reset" "Mozilla/5.0 (Windows NT 10.0; Win64; x64) AppleWebKit/537.36 (KHTML, like Gecko) Chrome/84.0.4147.135 Safari/537.36"
::1 - - [31/Aug/2020:16:57:58 +0000] "GET /user/verifytoken HTTP/1.1" 401 36 "http://localhost:3002/request/reset" "Mozilla/5.0 (Windows NT 10.0; Win64; x64) AppleWebKit/537.36 (KHTML, like Gecko) Chrome/84.0.4147.135 Safari/537.36"
::1 - - [31/Aug/2020:16:58:11 +0000] "OPTIONS /user/verifyemail HTTP/1.1" 200 4 "http://localhost:3002/reset/309711edc0af7fd38624f628ffe2b78aaa089b8fc4df7df2e277a6e992b9780a" "Mozilla/5.0 (Windows NT 10.0; Win64; x64) AppleWebKit/537.36 (KHTML, like Gecko) Chrome/84.0.4147.135 Safari/537.36"
::1 - - [31/Aug/2020:16:58:11 +0000] "POST /user/verifyemail HTTP/1.1" 410 80 "http://localhost:3002/reset/309711edc0af7fd38624f628ffe2b78aaa089b8fc4df7df2e277a6e992b9780a" "Mozilla/5.0 (Windows NT 10.0; Win64; x64) AppleWebKit/537.36 (KHTML, like Gecko) Chrome/84.0.4147.135 Safari/537.36"
::1 - - [31/Aug/2020:17:00:01 +0000] "OPTIONS /user/verifytoken HTTP/1.1" 200 8 "http://localhost:3002/reset/309711edc0af7fd38624f628ffe2b78aaa089b8fc4df7df2e277a6e992b9780a" "Mozilla/5.0 (Windows NT 10.0; Win64; x64) AppleWebKit/537.36 (KHTML, like Gecko) Chrome/84.0.4147.135 Safari/537.36"
::1 - - [31/Aug/2020:17:00:02 +0000] "GET /user/verifytoken HTTP/1.1" 401 36 "http://localhost:3002/reset/309711edc0af7fd38624f628ffe2b78aaa089b8fc4df7df2e277a6e992b9780a" "Mozilla/5.0 (Windows NT 10.0; Win64; x64) AppleWebKit/537.36 (KHTML, like Gecko) Chrome/84.0.4147.135 Safari/537.36"
::ffff:127.0.0.1 - - [31/Aug/2020:17:00:03 +0000] "OPTIONS /user/verifytoken HTTP/1.1" 200 8 "http://localhost:3002/" "Mozilla/5.0 (Windows NT 10.0; Win64; x64; rv:80.0) Gecko/20100101 Firefox/80.0"
::ffff:127.0.0.1 - - [31/Aug/2020:17:00:03 +0000] "GET /user/verifytoken HTTP/1.1" 401 36 "http://localhost:3002/" "Mozilla/5.0 (Windows NT 10.0; Win64; x64; rv:80.0) Gecko/20100101 Firefox/80.0"
::1 - - [31/Aug/2020:17:00:07 +0000] "OPTIONS /user/verifytoken HTTP/1.1" 200 8 "http://localhost:3002/request/reset" "Mozilla/5.0 (Windows NT 10.0; Win64; x64) AppleWebKit/537.36 (KHTML, like Gecko) Chrome/84.0.4147.135 Safari/537.36"
::1 - - [31/Aug/2020:17:00:07 +0000] "GET /user/verifytoken HTTP/1.1" 401 36 "http://localhost:3002/request/reset" "Mozilla/5.0 (Windows NT 10.0; Win64; x64) AppleWebKit/537.36 (KHTML, like Gecko) Chrome/84.0.4147.135 Safari/537.36"
::1 - - [31/Aug/2020:17:00:07 +0000] "OPTIONS /user/verifytoken HTTP/1.1" 200 8 "http://localhost:3002/login" "Mozilla/5.0 (Windows NT 10.0; Win64; x64) AppleWebKit/537.36 (KHTML, like Gecko) Chrome/84.0.4147.135 Safari/537.36"
::1 - - [31/Aug/2020:17:00:07 +0000] "GET /user/verifytoken HTTP/1.1" 401 36 "http://localhost:3002/login" "Mozilla/5.0 (Windows NT 10.0; Win64; x64) AppleWebKit/537.36 (KHTML, like Gecko) Chrome/84.0.4147.135 Safari/537.36"
::1 - - [31/Aug/2020:17:00:17 +0000] "OPTIONS /user/resetpassword HTTP/1.1" 200 4 "http://localhost:3002/reset/309711edc0af7fd38624f628ffe2b78aaa089b8fc4df7df2e277a6e992b9780a" "Mozilla/5.0 (Windows NT 10.0; Win64; x64) AppleWebKit/537.36 (KHTML, like Gecko) Chrome/84.0.4147.135 Safari/537.36"
::1 - - [31/Aug/2020:17:00:17 +0000] "POST /user/resetpassword HTTP/1.1" 422 374 "http://localhost:3002/reset/309711edc0af7fd38624f628ffe2b78aaa089b8fc4df7df2e277a6e992b9780a" "Mozilla/5.0 (Windows NT 10.0; Win64; x64) AppleWebKit/537.36 (KHTML, like Gecko) Chrome/84.0.4147.135 Safari/537.36"
::1 - - [31/Aug/2020:17:00:29 +0000] "OPTIONS /user/resetpassword HTTP/1.1" 200 4 "http://localhost:3002/reset/309711edc0af7fd38624f628ffe2b78aaa089b8fc4df7df2e277a6e992b9780a" "Mozilla/5.0 (Windows NT 10.0; Win64; x64) AppleWebKit/537.36 (KHTML, like Gecko) Chrome/84.0.4147.135 Safari/537.36"
::1 - - [31/Aug/2020:17:00:29 +0000] "POST /user/resetpassword HTTP/1.1" 422 377 "http://localhost:3002/reset/309711edc0af7fd38624f628ffe2b78aaa089b8fc4df7df2e277a6e992b9780a" "Mozilla/5.0 (Windows NT 10.0; Win64; x64) AppleWebKit/537.36 (KHTML, like Gecko) Chrome/84.0.4147.135 Safari/537.36"
::1 - - [31/Aug/2020:17:00:46 +0000] "OPTIONS /user/resetpassword HTTP/1.1" 200 4 "http://localhost:3002/reset/309711edc0af7fd38624f628ffe2b78aaa089b8fc4df7df2e277a6e992b9780a" "Mozilla/5.0 (Windows NT 10.0; Win64; x64) AppleWebKit/537.36 (KHTML, like Gecko) Chrome/84.0.4147.135 Safari/537.36"
::1 - - [31/Aug/2020:17:00:47 +0000] "POST /user/resetpassword HTTP/1.1" 410 85 "http://localhost:3002/reset/309711edc0af7fd38624f628ffe2b78aaa089b8fc4df7df2e277a6e992b9780a" "Mozilla/5.0 (Windows NT 10.0; Win64; x64) AppleWebKit/537.36 (KHTML, like Gecko) Chrome/84.0.4147.135 Safari/537.36"
::1 - - [31/Aug/2020:17:00:56 +0000] "OPTIONS /user/resetpassword HTTP/1.1" 200 4 "http://localhost:3002/reset/309711edc0af7fd38624f628ffe2b78aaa089b8fc4df7df2e277a6e992b9780a" "Mozilla/5.0 (Windows NT 10.0; Win64; x64) AppleWebKit/537.36 (KHTML, like Gecko) Chrome/84.0.4147.135 Safari/537.36"
::1 - - [31/Aug/2020:17:00:57 +0000] "POST /user/resetpassword HTTP/1.1" 404 60 "http://localhost:3002/reset/309711edc0af7fd38624f628ffe2b78aaa089b8fc4df7df2e277a6e992b9780a" "Mozilla/5.0 (Windows NT 10.0; Win64; x64) AppleWebKit/537.36 (KHTML, like Gecko) Chrome/84.0.4147.135 Safari/537.36"
::1 - - [31/Aug/2020:17:01:50 +0000] "OPTIONS /user/resetpassword HTTP/1.1" 200 4 "http://localhost:3002/reset/309711edc0af7fd38624f628ffe2b78aaa089b8fc4df7df2e277a6e992b9780a" "Mozilla/5.0 (Windows NT 10.0; Win64; x64) AppleWebKit/537.36 (KHTML, like Gecko) Chrome/84.0.4147.135 Safari/537.36"
::1 - - [31/Aug/2020:17:01:50 +0000] "POST /user/resetpassword HTTP/1.1" 422 179 "http://localhost:3002/reset/309711edc0af7fd38624f628ffe2b78aaa089b8fc4df7df2e277a6e992b9780a" "Mozilla/5.0 (Windows NT 10.0; Win64; x64) AppleWebKit/537.36 (KHTML, like Gecko) Chrome/84.0.4147.135 Safari/537.36"
::1 - - [31/Aug/2020:17:02:09 +0000] "OPTIONS /user/resetpassword HTTP/1.1" 200 4 "http://localhost:3002/reset/309711edc0af7fd38624f628ffe2b78aaa089b8fc4df7df2e277a6e992b9780a" "Mozilla/5.0 (Windows NT 10.0; Win64; x64) AppleWebKit/537.36 (KHTML, like Gecko) Chrome/84.0.4147.135 Safari/537.36"
::1 - - [31/Aug/2020:17:02:09 +0000] "POST /user/resetpassword HTTP/1.1" 422 262 "http://localhost:3002/reset/309711edc0af7fd38624f628ffe2b78aaa089b8fc4df7df2e277a6e992b9780a" "Mozilla/5.0 (Windows NT 10.0; Win64; x64) AppleWebKit/537.36 (KHTML, like Gecko) Chrome/84.0.4147.135 Safari/537.36"
::ffff:127.0.0.1 - - [31/Aug/2020:17:02:57 +0000] "OPTIONS /user/verifytoken HTTP/1.1" 200 8 "http://localhost:3002/" "Mozilla/5.0 (Windows NT 10.0; Win64; x64; rv:80.0) Gecko/20100101 Firefox/80.0"
::ffff:127.0.0.1 - - [31/Aug/2020:17:02:58 +0000] "GET /user/verifytoken HTTP/1.1" 401 36 "http://localhost:3002/" "Mozilla/5.0 (Windows NT 10.0; Win64; x64; rv:80.0) Gecko/20100101 Firefox/80.0"
::1 - - [31/Aug/2020:17:02:58 +0000] "OPTIONS /user/verifytoken HTTP/1.1" 200 8 "http://localhost:3002/reset/309711edc0af7fd38624f628ffe2b78aaa089b8fc4df7df2e277a6e992b9780a" "Mozilla/5.0 (Windows NT 10.0; Win64; x64) AppleWebKit/537.36 (KHTML, like Gecko) Chrome/84.0.4147.135 Safari/537.36"
::1 - - [31/Aug/2020:17:02:58 +0000] "GET /user/verifytoken HTTP/1.1" 401 36 "http://localhost:3002/reset/309711edc0af7fd38624f628ffe2b78aaa089b8fc4df7df2e277a6e992b9780a" "Mozilla/5.0 (Windows NT 10.0; Win64; x64) AppleWebKit/537.36 (KHTML, like Gecko) Chrome/84.0.4147.135 Safari/537.36"
::1 - - [31/Aug/2020:17:03:01 +0000] "OPTIONS /user/verifytoken HTTP/1.1" 200 8 "http://localhost:3002/login" "Mozilla/5.0 (Windows NT 10.0; Win64; x64) AppleWebKit/537.36 (KHTML, like Gecko) Chrome/84.0.4147.135 Safari/537.36"
::1 - - [31/Aug/2020:17:03:01 +0000] "GET /user/verifytoken HTTP/1.1" 401 36 "http://localhost:3002/login" "Mozilla/5.0 (Windows NT 10.0; Win64; x64) AppleWebKit/537.36 (KHTML, like Gecko) Chrome/84.0.4147.135 Safari/537.36"
::1 - - [31/Aug/2020:17:03:02 +0000] "OPTIONS /user/verifytoken HTTP/1.1" 200 8 "http://localhost:3002/request/reset" "Mozilla/5.0 (Windows NT 10.0; Win64; x64) AppleWebKit/537.36 (KHTML, like Gecko) Chrome/84.0.4147.135 Safari/537.36"
::1 - - [31/Aug/2020:17:03:02 +0000] "GET /user/verifytoken HTTP/1.1" 401 36 "http://localhost:3002/request/reset" "Mozilla/5.0 (Windows NT 10.0; Win64; x64) AppleWebKit/537.36 (KHTML, like Gecko) Chrome/84.0.4147.135 Safari/537.36"
::1 - - [31/Aug/2020:17:03:09 +0000] "OPTIONS /user/resetpassword HTTP/1.1" 200 4 "http://localhost:3002/reset/309711edc0af7fd38624f628ffe2b78aaa089b8fc4df7df2e277a6e992b9780a" "Mozilla/5.0 (Windows NT 10.0; Win64; x64) AppleWebKit/537.36 (KHTML, like Gecko) Chrome/84.0.4147.135 Safari/537.36"
::1 - - [31/Aug/2020:17:03:10 +0000] "POST /user/resetpassword HTTP/1.1" 422 262 "http://localhost:3002/reset/309711edc0af7fd38624f628ffe2b78aaa089b8fc4df7df2e277a6e992b9780a" "Mozilla/5.0 (Windows NT 10.0; Win64; x64) AppleWebKit/537.36 (KHTML, like Gecko) Chrome/84.0.4147.135 Safari/537.36"
::1 - - [31/Aug/2020:17:03:17 +0000] "OPTIONS /user/resetpassword HTTP/1.1" 200 4 "http://localhost:3002/reset/309711edc0af7fd38624f628ffe2b78aaa089b8fc4df7df2e277a6e992b9780a" "Mozilla/5.0 (Windows NT 10.0; Win64; x64) AppleWebKit/537.36 (KHTML, like Gecko) Chrome/84.0.4147.135 Safari/537.36"
::1 - - [31/Aug/2020:17:03:18 +0000] "POST /user/resetpassword HTTP/1.1" 200 235 "http://localhost:3002/reset/309711edc0af7fd38624f628ffe2b78aaa089b8fc4df7df2e277a6e992b9780a" "Mozilla/5.0 (Windows NT 10.0; Win64; x64) AppleWebKit/537.36 (KHTML, like Gecko) Chrome/84.0.4147.135 Safari/537.36"
::ffff:127.0.0.1 - - [31/Aug/2020:17:11:07 +0000] "OPTIONS /user/verifytoken HTTP/1.1" 200 8 "http://localhost:3002/" "Mozilla/5.0 (Windows NT 10.0; Win64; x64; rv:80.0) Gecko/20100101 Firefox/80.0"
::ffff:127.0.0.1 - - [31/Aug/2020:17:11:08 +0000] "GET /user/verifytoken HTTP/1.1" 401 36 "http://localhost:3002/" "Mozilla/5.0 (Windows NT 10.0; Win64; x64; rv:80.0) Gecko/20100101 Firefox/80.0"
::1 - - [31/Aug/2020:17:11:09 +0000] "OPTIONS /user/verifytoken HTTP/1.1" 200 8 "http://localhost:3002/" "Mozilla/5.0 (Windows NT 10.0; Win64; x64) AppleWebKit/537.36 (KHTML, like Gecko) Chrome/84.0.4147.135 Safari/537.36"
::1 - - [31/Aug/2020:17:11:09 +0000] "GET /user/verifytoken HTTP/1.1" 200 19 "http://localhost:3002/" "Mozilla/5.0 (Windows NT 10.0; Win64; x64) AppleWebKit/537.36 (KHTML, like Gecko) Chrome/84.0.4147.135 Safari/537.36"
::ffff:127.0.0.1 - - [31/Aug/2020:17:11:12 +0000] "GET /user/verifytoken HTTP/1.1" 401 36 "http://localhost:3002/" "Mozilla/5.0 (Windows NT 10.0; Win64; x64; rv:80.0) Gecko/20100101 Firefox/80.0"
::1 - - [31/Aug/2020:17:11:13 +0000] "OPTIONS /user/verifytoken HTTP/1.1" 200 8 "http://localhost:3002/" "Mozilla/5.0 (Windows NT 10.0; Win64; x64) AppleWebKit/537.36 (KHTML, like Gecko) Chrome/84.0.4147.135 Safari/537.36"
::1 - - [31/Aug/2020:17:11:13 +0000] "GET /user/verifytoken HTTP/1.1" 200 19 "http://localhost:3002/" "Mozilla/5.0 (Windows NT 10.0; Win64; x64) AppleWebKit/537.36 (KHTML, like Gecko) Chrome/84.0.4147.135 Safari/537.36"
::1 - - [31/Aug/2020:17:11:16 +0000] "GET /user/verifytoken HTTP/1.1" 304 - "http://localhost:3002/" "Mozilla/5.0 (Windows NT 10.0; Win64; x64) AppleWebKit/537.36 (KHTML, like Gecko) Chrome/84.0.4147.135 Safari/537.36"
::1 - - [31/Aug/2020:17:11:16 +0000] "OPTIONS /user/verifytoken HTTP/1.1" 200 8 "http://localhost:3002/" "Mozilla/5.0 (Windows NT 10.0; Win64; x64) AppleWebKit/537.36 (KHTML, like Gecko) Chrome/84.0.4147.135 Safari/537.36"
::1 - - [31/Aug/2020:17:11:16 +0000] "GET /user/verifytoken HTTP/1.1" 200 19 "http://localhost:3002/" "Mozilla/5.0 (Windows NT 10.0; Win64; x64) AppleWebKit/537.36 (KHTML, like Gecko) Chrome/84.0.4147.135 Safari/537.36"
::1 - - [31/Aug/2020:17:11:25 +0000] "OPTIONS /user/verifytoken HTTP/1.1" 200 8 "http://localhost:3002/" "Mozilla/5.0 (Windows NT 10.0; Win64; x64) AppleWebKit/537.36 (KHTML, like Gecko) Chrome/84.0.4147.135 Safari/537.36"
::1 - - [31/Aug/2020:17:11:25 +0000] "GET /user/verifytoken HTTP/1.1" 200 19 "http://localhost:3002/" "Mozilla/5.0 (Windows NT 10.0; Win64; x64) AppleWebKit/537.36 (KHTML, like Gecko) Chrome/84.0.4147.135 Safari/537.36"
::ffff:127.0.0.1 - - [31/Aug/2020:17:11:25 +0000] "OPTIONS /user/verifytoken HTTP/1.1" 200 8 "http://localhost:3002/" "Mozilla/5.0 (Windows NT 10.0; Win64; x64; rv:80.0) Gecko/20100101 Firefox/80.0"
::ffff:127.0.0.1 - - [31/Aug/2020:17:11:26 +0000] "GET /user/verifytoken HTTP/1.1" 401 36 "http://localhost:3002/" "Mozilla/5.0 (Windows NT 10.0; Win64; x64; rv:80.0) Gecko/20100101 Firefox/80.0"
::1 - - [31/Aug/2020:17:11:28 +0000] "GET /user/verifytoken HTTP/1.1" 304 - "http://localhost:3002/" "Mozilla/5.0 (Windows NT 10.0; Win64; x64) AppleWebKit/537.36 (KHTML, like Gecko) Chrome/84.0.4147.135 Safari/537.36"
::1 - - [31/Aug/2020:17:11:28 +0000] "OPTIONS /user/verifytoken HTTP/1.1" 200 8 "http://localhost:3002/" "Mozilla/5.0 (Windows NT 10.0; Win64; x64) AppleWebKit/537.36 (KHTML, like Gecko) Chrome/84.0.4147.135 Safari/537.36"
::1 - - [31/Aug/2020:17:11:28 +0000] "GET /user/verifytoken HTTP/1.1" 200 19 "http://localhost:3002/" "Mozilla/5.0 (Windows NT 10.0; Win64; x64) AppleWebKit/537.36 (KHTML, like Gecko) Chrome/84.0.4147.135 Safari/537.36"
::ffff:127.0.0.1 - - [31/Aug/2020:17:11:47 +0000] "OPTIONS /user/verifytoken HTTP/1.1" 200 8 "http://localhost:3002/" "Mozilla/5.0 (Windows NT 10.0; Win64; x64; rv:80.0) Gecko/20100101 Firefox/80.0"
::ffff:127.0.0.1 - - [31/Aug/2020:17:11:49 +0000] "GET /user/verifytoken HTTP/1.1" 401 36 "http://localhost:3002/" "Mozilla/5.0 (Windows NT 10.0; Win64; x64; rv:80.0) Gecko/20100101 Firefox/80.0"
::1 - - [31/Aug/2020:17:11:49 +0000] "OPTIONS /user/verifytoken HTTP/1.1" 200 8 "http://localhost:3002/" "Mozilla/5.0 (Windows NT 10.0; Win64; x64) AppleWebKit/537.36 (KHTML, like Gecko) Chrome/84.0.4147.135 Safari/537.36"
